[0;40;37m[0;0;0;0t[1;171;171;171t
[18C‹ﬂ‹
[19Cﬂ[7C∞[10C€€≤[31C‹ﬂ‹
   ∞∞[5C‹ ‹‹‹[21C€€€€≤≤≤[30Cﬂ
[7C‹≤≤≤∞€€€€€‹[9C∞[10C€€≤[23C∞
[6C€≤≤≤€±€€€ﬂ[11C∞[10C€€≤
[5C≤≤≤€≤€≤€€[13C∞[9C‹€€€‹[8C∞∞
[5C≤≤≤€€€€€›[13C∞[7C‹€€€€€≤∞‹[20C∞
[6C€≤≤€€€€€[13C≤   ‹ ‹€€€≤€ﬂ€€±€≤‹[15C∞  ∞
[7Cﬂ≤≤≤€€€€‹[8C∞ ∞€∞‹ ‹∞€€€€ﬂ ‹ ﬂ≤€€€€‹[13C∞  ∞
[8C± ﬂﬂﬂﬂﬂ[9C≤∞≤€ﬂ‹€€≤≤≤ﬂ ‹≤≤€‹ ﬂ€€€€€‹[11C±
[8C∞[14C∞€€ﬂ‹€€€€€ﬂ ‹≤≤€€€€€‹ ﬂ€€€€ ‹[7C∞ ≤  ∞  ‹ﬂ‹
[8C∞[11C∞ ∞≤ﬂ‹€€€≤≤ﬂ ∞≤≤€€€€€€€€∞∞ ﬂ€€∞≤≤‹ ﬂ‹∞∞±∞€∞ ∞   ﬂ
[8C∞[11C± ﬂ‹€€€≤≤ﬂ ‹€±€€€€€€€€€€≤≤€‹ ﬂ≤€€€€‹ ﬂ≤≤≤€± ∞
[20Cﬂ‹€€≤≤≤ﬂ ‹∞€€≤€€€€ﬂﬂﬂ≤≤€€€€€€‹ ﬂ€€€€€‹ ﬂ€€≤∞∞
[8C∞[10C‹€€≤≤≤ﬂ ‹≤€≤€€ﬂﬂ[9Cﬂﬂ€€€€€‹ ﬂ≤≤€€€‹ ﬂ€≤∞∞
[17C‹€€≤≤≤ﬂ ∞≤€€€ﬂ€  ∞[13C€€€€€‹ ﬂ≤≤€€€‹ ﬂ≤€≤∞
[15C‹€€€€€ﬂ  ∞≤€€€ ∞≤   ≤   ∞[8C€ €€€€€‹ ﬂ€€€€€‹ €∞
[15C€∞€ﬂﬂ€ ∞∞±€€€  ∞±    €  ≤[8C≤  €€€€€≤ €ﬂﬂ€ € ≤
    ∞∞[9C≤∞€∞∞€ ≤≤≤€€≤   ∞[5C€ €[8C±  ≤€€€€€ €∞∞€∞≤ ∞
[10Cﬂ ‹‹ ∞ €±±€ ≤ﬂ‹ﬂ€∞   ∞[6C€€[8C∞  ∞€ﬂ‹ﬂ€ €±±€ ∞ ‹‹ ﬂ
[13Cﬂ€€‹€≤≤€ €€‹€€∞[11C€[8C∞  ±€€‹€≤ €≤≤€‹≤≤ﬂ
[14Cﬁ€€€€€€ ≤€€€€≤[23C≤€€€€≤ €€€€€€›[10C∞
[12C‹‹€≤ﬂ€€€€ ≤€€€€€   ∞[16C∞  €€≤€€€ €€€€ﬂ≤€‹‹
[9C‹€ﬂﬂ ‹  €€€€ €€€€€ﬂ€  ±  ∞∞[12C≤ €ﬂ€€€€≤ €€€€∞±‹ ﬂﬂ≤‹[5C∞
[6C∞ ﬁ€›‹€ﬂ  ∞€≤≤€ ≤€ﬂ ‹€€€‹≤[16C€€€€‹ ﬂ€≤ €≤≤€∞∞ ﬂ€‹ﬁ€›    ∞
[6C∞  ﬂ≤€›   ∞€±±€ ≤› ﬁﬂ€€€€€∞‹‹[9C‹‹€∞€€€€ﬂ› ﬁ≤ €±±€∞   ﬁ≤≤ﬂ
[6C±[5Cﬂ ‹ ∞€∞∞€ ≤€‹ ﬁ€≤€€€±€€€€€‹‹‹€€€€€€≤€€€€› ‹€≤ €∞∞€∞ ‹ ﬂ[8C∞
[5C‹≤‹[6C≤  €‹‹€ ≤≤≤€‹€€€€≤≤≤≤≤≤≤€≤≤€€≤€€€€€≤≤€‹€≤≤≤ €‹‹€∞ ≤[10C∞
[6Cﬂ  ﬁ›   ± ∞‹‹‹‹ ±≤∞≤≤≤≤≤≤∞±∞∞≤≤±€±±€€±≤≤≤≤≤∞∞±∞≤∞±± ‹‹‹‹∞ ±   ﬁ›[5C∞
[9C≤≤   ∞ ∞‹‹‹‹ ∞≤ ∞∞∞±±± ∞  ±±∞€∞∞≤€∞±±∞∞∞  ∞ ≤ ∞∞ ‹‹‹‹∞ ∞   ≤≤[5C∞
[8C≤≤€€[5C€€€€  ±    ∞∞∞    ∞∞ ≤  ∞€ ∞∞[7C±    €€€€[5C≤≤€€   ∞≤
[7C≤≤€€≤    ∞≤€≤€  ∞  ‹‹ ﬂ    ‹‹  ±   ≤‹‹    ﬂ ‹‹∞    €€€≤    ≤≤€€≤  €≤€∞
[6C€≤≤€€≤∞€  ∞±€±€  ‹≤€ﬂ‹   ‹€ﬂ    ∞   ±  ﬂ€‹   ‹ﬂ≤≤‹  €≤€±∞  €≤≤€€≤∞€ €€±
[5C€≤≤€€€≤±≤€ ∞∞≤∞€ ﬁ€€›ﬁ›  ﬁ€›[5C‹≤‹ ∞   ﬁ€›  ﬁ›ﬁ€€› €∞≤∞∞ €≤≤€€€≤±≤€ €≤∞
    €≤≤€≤€€€≤≤€€  ∞ ≤  ﬂ≤≤‹ﬂ‹  ﬂ€‹[5Cﬂ[5C‹≤ﬂ  ‹ﬂ‹€≤ﬂ  ≤ ∞ ∞€≤≤€≤€€€≤≤€€ €±
    ≤≤€≤€€€€≤€€€€   ∞  €‹ﬂﬂ≤‹€‹   ﬂ ‹[5C‹ ﬂ   ‹€‹≤ﬂﬂ‹€  ∞   ∞≤≤€≤€€€€≤€€€€ ≤∞
  ≤∞≤≤≤€€€€€€€€€€€[5C€€€∞  ﬂ€≤‹[5Cﬂ‹ﬂ[5C‹≤≤ﬂ  ∞€€€[5C≤∞≤≤≤€€€€€€€€€€€ ∞
 ≤≤±≤≤€€€€€€€€€€€€€   ﬂ‹ ﬂ≤‹  ﬁ€€›[8C‹  ﬁ€€›  ‹≤ﬂ ‹ﬂ   ≤≤±≤≤€€€€€€€€€€€€€
ﬂﬂﬂﬂﬂﬂﬂﬂﬂﬂﬂﬂﬂﬂﬂﬂﬂﬂﬂﬂ   ﬁ› ﬁ€›‹≤≤ﬂ[13Cﬂ≤≤‹ﬁ€› ﬁ›   ﬂﬂﬂﬂﬂﬂﬂﬂﬂﬂﬂﬂﬂﬂﬂﬂﬂﬂﬂﬂ
  ∞∞  ‹‹€ﬂﬂ€‹‹  ∞∞    ‹ﬂ‹‹€€€ﬂ   ‹[5C‹[9Cﬂ≤€€‹‹ﬂ‹    ∞∞  ‹‹€ﬂﬂ€‹‹  ∞∞
 ∞±≤ €±∞€  €∞≤€ ≤±∞ ‹ﬂ€≤ﬂﬁ€€›   ﬂ≤ﬂ  ‹‹€‹‹[8Cﬁ€€›ﬂ€€ﬂ‹ ∞±≤ €≤∞€  €∞±€ ≤±∞
 ±≤€ €∞ €  € ±€ €≤≤ﬁ›ﬁ€›  ﬂ≤≤‹[9C€    ∞    ‹≤≤ﬂ  ﬁ€›ﬁ›≤≤€ €± €  € ∞€ €≤±
 ≤€€ €∞ €  € ∞€ €€≤ ﬂ‹≤≤‹    ﬂﬂ[7C‹€‹   ± ∞ ﬂﬂ    ‹≤≤‹ﬂ ≤€€ €∞ €  € ∞€ €€≤
 ≤ﬂ€ €  €  €  € €ﬂ≤∞   ﬂﬂﬂ‹‹ ‹[6C‹€€€€€‹ ﬂ‹≤∞∞∞ ‹‹ﬂﬂﬂ±   ≤ﬂ€ €  €  €  € €ﬂ≤
 ≤∞€ €‹‹€€€€‹‹€ €∞≤∞    ∞[9C‹€€≤ﬂ ﬂ€€€‹ ﬂ≤≤±∞[5C±   ≤∞€ €‹‹€€€€‹‹€ €∞≤
 ≤±€ ‹‹‹‹‹‹‹‹‹‹ €±≤∞    ±∞  ∞   ‹€€€ﬂ ∞∞∞ ﬂ€€€‹ ﬂ≤≤∞    ∞   ≤±€ ‹‹‹‹‹‹‹‹‹‹ €±≤
 ≤≤€ ≤€€ﬂ  ﬂ€€≤ €≤≤    ∞≤≤±∞ﬂ ‹€≤≤ﬂ ∞∞±≤≤ ∞ ﬂ€€€‹ ﬂ≤∞   ∞   ≤≤€ ≤€€ﬂ  ﬂ€€≤ €≤≤
 ≤€€ ≤€ ∞ ∞  €≤ €€≤∞   ±€€ﬂ ‹€€€ﬂ ∞ ±≤≤€€∞±∞∞ ﬂ€€€‹[9C≤€€ ≤€ ∞∞∞  €≤ €€≤
 ≤€€ ≤  ±∞±∞  ≤ €€≤∞  ∞≤ﬂ ‹€≤≤ﬂ ∞∞±∞≤€€ﬂ€±≤≤±∞∞ ﬂ€€€‹   ∞   ≤€€ ≤  ±≤≤∞  ≤ €€≤
 ≤€€ ≤ ∞≤≤≤±∞ ≤ €€≤   ﬂ ‹€≤≤ﬂ ∞∞±≤≤±€€‹ ‹≤€€≤≤±∞∞ ﬂ€€€‹[5C≤€€ ≤ ∞≤€€≤∞ ≤ €€≤
 ≤€€ ≤ ≤€€€≤≤ ≤ €€€   ‹€≤≤ﬂ ∞±≤≤≤€€≤€€€€€€€€€€≤≤≤±∞ ﬂ€€€‹   €€€ ≤ ≤≤€€€≤ ≤ €€≤
 ≤€€∞≤ ﬂﬂﬂﬂﬂﬂ ≤∞€€€∞‹€€€€‹‹‹‹‹€€€€€€€€€€€€€€€€€€€‹‹‹‹‹€€€€‹∞€€€∞≤ ﬂﬂﬂﬂﬂﬂ ≤∞€€≤
 ≤€€±≤≤±∞≤€€€€≤±€€€∞   ﬂ€ﬂ ﬂ€ﬂ   ‹‹‹€€€€€€€‹‹‹   ﬂ€ﬂ ﬂ€ﬂ   ∞€€€±≤≤≤€≤€€€≤≤±€€≤
 ﬂ€€≤≤€€±≤€€€€≤≤€€ﬂ∞∞∞  ﬁ€‹€› ∞±≤€€€ﬂﬂ   ﬂﬂ€€€≤±∞ ﬁ€‹€› ∞∞ ∞ﬂ€€≤≤€€€€≤±€€≤≤€€ﬂ
  ﬁ€€€€€≤€€€€€€€€› ∞≤≤∞  ≤€€ ∞≤€ﬂ €≤ ∞∞ ∞∞ ≤€ ﬂ€≤∞ €€€  ±±∞∞ ﬁ€€€€€€€€≤€€€€€›
   €€€€€≤€€€€€€€€ ∞≤€€±∞ ≤€€ ≤€ ∞ €≤ ≤≤∞≤± ≤€ ∞ €≤ €€≤ ∞≤≤≤≤∞ €€€€€€€€≤€€€€€
   €€€€ﬂ    ﬂ€€€€ ±€€€≤≤ €€€ € ∞± €≤ €€≤€≤ ≤€ ±∞ ≤ €€€ ≤€€€€± €€€€ﬂ    ﬂ€€€€
   €€€› ‹ﬂﬂ‹ ﬁ€€€ ≤€€€€€ €€€ € ≤≤ €≤ €€€€€ ≤€ ≤≤ € €€≤ €€€€€≤ €€€› ‹ﬂﬂ‹ ﬁ€€€
   €€€ ﬁ›  ﬁ› €€€ €€€€€€ ≤€€ € ﬂﬂ €≤ ﬂﬂﬂﬂﬂ ≤€ ﬂﬂ € €€≤ €€€€€€ €€€ ﬁ›  ﬁ› €€€
   €€€ €  ∞ € €€€ ≤€€≤€€ ≤€€ €ﬂﬂﬂﬂ€≤ﬂﬂﬂﬂﬂﬂﬂ≤€ﬂﬂﬂﬂ€ €€≤ €€≤€€≤ €€€ € ∞  € €€€
   ≤≤≤ ≤  ∞ € €€≤ ∞≤≤≤≤€ ≤€€ € €≤ €≤ ±≤ﬂ€€ ≤€ ≤€ € €€≤ ≤≤±≤€∞ ≤€€ € ∞  ≤ ≤≤≤
   ±±≤ ± ∞± ≤ ≤≤±  ∞∞±∞≤ ≤€€ € ≤± €≤ ≤‹ ‹€ ≤€ ≤€ € €€≤ ±±∞∞≤  ±≤≤ ≤ ±∞ ± ≤±±
 ‹‹‹‹‹‹‹‹‹‹‹‹‹‹‹‹‹‹  ± ± €€€ € ≤∞ €≤ ≤€‹€€ ≤€ ±≤ € €€≤ ∞∞  ≤‹‹‹‹‹‹‹‹‹‹‹‹‹‹‹‹‹‹
 ≤€∞ ≤€∞ €€  ≤€∞ ≤≤  ∞ ∞ ≤€€∞€‹‹‹‹€€‹‹‹‹‹‹‹€€‹‹‹‹€∞€€€  ∞  ±≤≤ ∞€≤  €€ ∞€≤ ∞€≤
 ﬂ€‹‹€€‹‹€€‹‹€€‹‹≤ﬂ  ∞   ≤€€±€€€€€€€≤≤ﬂﬂﬂ€€€€€€€€€±€€€  ∞  ∞ﬂ≤‹‹€€‹‹€€‹‹€€‹‹€ﬂ
   ±  ∞∞   ∞   ∞±    ∞   ≤€€≤€€≤≤ﬂﬂ ‹ ‹€‹ ‹ ﬂﬂ≤€€€≤€€≤  ∞  ∞  ±∞   ∞   ∞∞  ±
   ≤∞∞≤≤∞∞∞±∞∞∞≤≤[8C€€€€€ﬂ ‹‹ ≤€ ‹‹‹ €€ ‹‹ ﬂ€€€€≤[8C≤≤∞∞∞±∞∞∞≤≤∞∞≤
   €±±€€±±≤≤±≤≤€≤   ∞    ≤€€€  ∞€€ ≤€ €ﬂ≤ €€∞€€€‹ €€€≤  ∞[5C≤€≤≤±≤≤±±€€±±€
   €≤≤€€≤≤€€≤€€€€ ± ∞    €€€ ‹∞±€€∞≤€ €∞≤ €€±€€€≤‹ €€€[6C± €€€€≤€€≤≤€€≤≤€
   €€€€‹€ﬂ€€€€€€€ ∞ ∞    €€€ ≤≤≤€€±€€ €±≤ €€≤€€€≤≤ €€€[6C∞ €€€€€€€ﬂ€‹€€€€
   €€€€€€› €€€ﬂ€€ ∞ ∞  ∞ €€€ ≤€€€€≤€€ €≤≤ €€€€€€€≤ €€€ ∞ ∞  ∞ €€ﬂ€€€ ﬁ€€€ﬂ ﬂ
   €€€≤≤ﬂ ‹ﬂ ‹≤€€   ≤  ∞ €ﬂ€ ≤€€ﬂ€€‹‹ €≤≤ ‹‹€€ﬂ€€≤ €ﬂ€   ≤    €€≤‹ ﬂ‹ ﬂ≤≤€‹€
   €ﬂﬂ ‹‹€› ﬁ€≤€€ ∞ ≤∞ ∞ €∞€ ±≤€ﬂ€‹ ﬂ €≤≤ ﬂ ‹€ﬂ€€≤ €∞€ ∞ ≤∞ ∞ €€≤€› ﬁ€‹‹ ﬂﬂ€
[5C‹€€€€€‹ ﬂ≤€€ ≤∞€∞∞∞ €∞€ ∞≤‹ ‹€›  €≤≤  ﬁ€‹ ‹€€ €∞€ ≤∞€∞∞≤ €€≤ﬂ ‹€€€€€‹
    ﬁ€ﬂﬂ‹‹€€ ‹ ﬂ€ €∞€±±∞ €≤€ ±≤€€ﬂﬂ‹€ €≤≤ ≤‹ﬂﬂ€€€≤ €≤€ €∞€±±€ €ﬂ ‹ €€‹‹ﬂﬂ€›
[6C‹ €€€€∞€› ﬁ∞€±€≤≤≤ €≤€ ≤ﬂ ‹€€€€ €±≤∞≤€€€‹ ﬂ€∞€≤€ €±€≤≤€∞› ﬁ€∞€€€€ ‹
   › ﬁ€∞€€€€≤ﬂ ‹€±€≤€≤€€ €€€ › ﬁ€€€€€ €∞≤∞≤€€€€› ﬁ∞€€€ €≤€≤€€±€‹ ﬂ≤€€€€∞€› ﬁ
   €‹ ﬂ≤€€€‹‹€€€€≤€€€€€≤ €€€ ≤‹ ﬂ€€€€ €‹≤∞≤€€€ﬂ ‹€∞€€€ €€€€€€≤€€€€‹‹€€€≤ﬂ ‹€
   €€€€€€€€€€€€€€€≤≤€€≤≤ ≤€€ €€ﬂﬂﬂﬂ€€€€€ﬂﬂﬂﬂ€€€ﬂﬂﬂﬂ€€€ €€≤≤≤≤≤€€€≤≤≤€€≤≤€€≤€
   €≤≤≤≤€≤≤≤€€≤≤≤≤±±≤≤∞∞ ±€≤  ‹‹€≤‹‹ ‹‹  ≤€ ‹‹‹‹≤€ ≤≤≤ ≤≤∞∞±±≤≤€€±∞∞≤≤±±≤≤∞€
   €∞∞±±≤±∞∞≤≤∞∞±±∞∞±±   ∞≤∞    €≤   €€ﬂﬂ≤€ ≤€  ≤€ ∞±∞ ±±  ∞∞∞∞≤≤∞  ∞∞∞∞±∞ ≤
   ≤  ∞∞±∞  ±±  ∞∞  ∞∞    ±[5C€≤ ∞ €≤  ≤€ ≤€ﬂﬂﬂﬂ  ∞  ∞∞[6C∞∞[7C∞  ±
   ∞    ∞   ∞∞[12C∞[5C≤≤ ∞ €€  €€ ﬂ€‹‹‹[26C∞
[27C‹‹‹  ﬂﬂ   ‹‹‹ €€    ‹‹‹[7C‹‹‹[7C‹‹‹‹ ‹‹  ‹
    ﬂ  ﬂﬂ ﬂﬂﬂﬂﬂﬂﬂ€€≤ €€≤   €€≤ €€€ ∞ €€≤ ﬂﬂﬂﬂﬂﬂ€€≤ ﬂﬂﬂﬂﬂﬂ€€≤ €€€   €€≤
[11C€€≤ ∞ €€≤ €€ﬂﬂﬂﬂﬂ€≤ €€≤ ∞ €€≤ €€≤ ∞ €€≤ €€€   €≤≤ €€ﬂﬂﬂﬂﬂ€€
[11C€€≤   ﬂﬂﬂ €€≤ ± €€≤ €€≤ ∞ €€≤ €€≤  ﬁ€€› €€≤ ∞ ﬂﬂﬂ €€≤ ± €€≤
[11C€≤≤ ∞[5C€€≤ ∞ €€≤ €€€ ∞ €€€ €€ﬂ ‹€€ﬂ  €€≤[7C€€≤ ∞ €€≤
[11C€€≤ ∞ €€≤ €€≤ ∞ €€≤ €€≤ ± €€≤ €€≤ﬂﬂﬂ€€‹ €€€ ∞ €€≤ €≤≤ ∞ €€€
[11C€≤≤ ∞ €€€ €≤≤   €€≤ €€≤ ± €€≤ €€€ ± €€≤ €€≤ ∞ €€€ €€≤   €€≤
[11C€≤≤ ∞ €€≤ €€≤ ∞ €€≤ €€≤ ≤ €≤≤ €€≤ ∞ €€≤ €€≤ ∞ €€≤ €≤≤ ∞ €€≤
[11C€≤≤ ± €≤≤ €≤≤ ∞ €≤≤ €€≤ ≤ €≤≤ €€≤ ∞ €€≤ €€≤ ± €€≤ €≤≤   €≤≤
[11C€≤‹‹‹‹€≤≤ €≤≤   €≤≤ ﬂ€€‹‹‹€≤ﬂ €≤≤   €≤≤ €€‹‹‹‹€≤≤ €≤≤   €≤≤
[21C≤≤≤[17C≤≤≤[23C≤≤≤
[21C∞∞∞[17C∞∞∞[23C∞∞∞
