[0;40;37m[0;0;0;0t[1;171;171;171t


[19CYOUR QUEST FOR SALVATION HAS COME TO AN END

[21CIT BROUGHT YOU TO AN ENCHANTED FORREST

[23CYOU ARE NOW ENTERING THE DARKLANDS


[66C‹∞
‹∞    ‹≤≤≤≤‹‹[10C‹≤‹[11C∞[20C‹‹[7C€≤‹
≤ﬂ≤‹ ≤ﬂ€€‹‹ﬂ≤≤  ˛[7Cﬂ[10C‹≤[22C≤€€≤‹‹  ﬁ€≤≤‹
ﬂﬂ  ﬁ›  ﬂ≤€€‹ﬂ≤[15C‹‹‹≤€ﬂ[24C≤‹ﬂ€€≤‹ €ﬂ∞≤≤
‹‹   ﬂ‹‹  ﬂﬂ≤€€≤ ‹‹‹‹‹‹‹‹‹‹≤€€€€ﬂﬂ€€€‹‹[22C≤≤‹ﬂﬂ≤›ﬁ€‹ ≤≤
€€€€€€€€€€€≤∞‹‹ﬂﬂ∞≤€€≤≤ﬂﬂﬂﬂﬂ≤≤‹‹    ﬂ€≤€‹[21Cﬂﬂ≤≤‹€ €‹ﬂ ≤›
[5Cﬂﬂﬂ≤€≤±∞±≤‹    ‹€›ﬁ≤≤‹‹ €≤≤ﬂ≤‹   ∞ﬂ[14C∞‹‹‹‹≤≤ﬂ€‹ ‹‹∞ﬂ €€›ﬁ≤
 ˛    ‹‹≤±‹≤≤≤›ﬁ≤‹ ﬂ€ﬂ‹ ≤€€€≤∞€≤›ﬁ≤›[14C‹‹‹≤≤ﬂﬂ€‹ﬂﬂﬂ‹ﬂ€‹ﬂ≤≤‹ ﬂ€≤≤∞
   ‹€€ﬂ≤‹€€€€≤ ‹ﬂ€≤ ﬂ€≤›ﬁ≤€€€€≤€€‹ﬂ≤[16Cﬂﬂﬂ≤≤ﬂ‹≤≤ﬂ‹‹‹‹ ﬂﬂ≤›∞‹∞±∞
  ‹€ﬂ‹≤€€€€€≤›ﬁ€€ﬂ€›ﬁ€≤≤ €‹‹ﬂ€€ﬁﬂ€€≤≤‹[19Cﬂﬂﬂ‹€≤≤ﬂ‹€€≤≤∞≤≤€‹‹
 ‹≤‹≤≤ﬂﬁﬂﬂ‹‹≤ €€€€≤ ≤ﬂ‹€€ ≤€€€€ﬁ ﬁ[30Cﬂﬂﬂﬂﬂ ‹∞ﬂ≤≤€€€€
ﬂﬂﬂ€∞  ≤€€€≤ €€‹ﬂ≤   ﬂ€€€€ ≤ﬂ€›ﬁ ﬁ[25Cﬂ   ‹≤‹  ‹≤≤≤€‹  ﬂﬂ≤
   € ﬂ ﬁ€ﬂ≤ €€€≤ﬂ  ‹   ﬂ‹€€ ≤≤›ﬁ ﬁ[30Cﬂ  ﬁ‹ﬂ €€€›
   ≤    ≤€ €€‹ﬂ[10Cﬂ€∞≤ €≤∞ﬁ[23C∞[7C˛ ≤≤›ﬁ‹ﬂ€   ﬂ
   ±    ∞≤∞€ﬂ   ‹‹‹‹‹[5Cﬁ≤  ﬂ≤‹ﬂ[23C€[9C≤≤ ‹ﬂ€
   ∞ ‹≤‹ ∞≤› ‹≤€ﬂﬂﬂﬂﬂ€€≤‹‹[5Cﬁ[23C‹€€[8Cﬁ≤‹€ﬂﬂ‹‹∞
[6Cﬂ∞  ∞ ﬁ€€›  ∞≤  €ﬂﬂ€€≤   ﬂ   ‹€€‹‹    ‹€‹ ‹€€≤‹ ‹€€€ ‹€≤‹   ﬂﬂ∞   ﬁ≤ﬂ€‹‹
€ﬂ‹‹‹[8Cﬂﬂﬂ ‹€€  ≤   €€∞≤ ‹‹≤ﬂ  ﬂ€€€≤∞€€€€ﬂﬂﬂ€€≤ﬂ≤€€€ﬂ ﬂ€€≤‹[8C≤≤ ﬂ‹€
‹≤≤ﬂ‹≤≤‹‹‹[7C€€€  ±   €€±€€€€€    ∞≤€€±€€€∞    €  ∞€€≤    €≤ﬂ[8C≤≤›ﬁﬂ‹
‹‹‹ﬂ€‹‹≤≤ﬂﬂﬂ[5C€€€  ∞   €€≤€€€€€[5C≤€€≤€€€[5C≤  ∞€€≤∞ ‹≤ﬂ[8C∞ ﬁﬂ‹ €€
‹≤≤ﬂﬂﬂﬂ∞[9C€€€[6C€€€€≤€€€[5C€€€€€€€∞    ±  ±€€≤‹ﬂﬂ€€≤‹[5C∞≤‹‹ﬂ€≤≤≤
≤‹‹[5C‹[7C‹€≤≤€€€‹‹‹€ﬂ  ∞€€€›   ‹€€€€€€€±    ∞  ≤€€€   ﬁ€€€[7Cﬂﬂ≤€€‹‹
€≤≤ﬂ≤‹[9Cﬁ€ﬂ   ﬂﬂ≤≤€›‹   ﬂ€€€‹‹€ﬂ€€€€€€€≤∞[6C≤€€€   ﬁ€€€›[7C‹≤≤ﬂﬂ≤
ﬁ€≤›ﬁ≤›[9Cﬂ‹[8Cﬂ€ﬂ≤≤‹‹ﬂﬂﬂﬂ  € ﬂﬂ ﬂﬂ€≤∞[5Cﬂﬂﬂﬂ    ﬂ€€ﬂ[5C‹≤›ﬁ≤≤≤‹
 ﬂ€€‹ﬂ≤[9C∞[5C‹‹≤≤ﬂ€≤‹‹ﬂ≤≤[5C≤    ‹€€€≤[21C≤€ﬂ‹ ≤€€€
 ∞ ﬂﬂ€≤≤‹[7C≤    ≤≤ﬂ‹‹≤›ﬂ≤€€‹ﬂ≤    ±[5Cﬂ€€€‹∞   m0/CRO[9Cﬁ€ﬂ€€›ﬁ≤€€
‹≤‹   ±∞[6C‹€€   ≤ﬂ‹€€≤ﬂ   ﬂﬂ≤€€≤   ∞    ‹  ﬂ€€≤‹[18C≤€€€€ ≤‹‹
 ﬂ  ˛ ∞[6C€€€€  ≤€€≤ﬂﬂ[10Cﬂﬂ[6Cﬂ≤ﬂ  ∞≤€€€‹[17C≤ﬂ‹€€ ≤€
≤≤‹[10C€€€€ ﬂﬂ   ‹€€‹‹    ‹€‹ ‹€€‹‹∞    ‹‹€ﬂ€€€€   ∞‹≤€‹‹[9Cﬂ≤€€€ ≤
ﬂ≤≤≤[9C≤€€€  ‹‹≤ﬂ  ﬂ€€€≤∞€€€€ﬂﬂﬂ€€€€∞‹≤€€ﬂ  ≤€€€‹‹≤ﬂ  ﬂ€€€≤ﬂ[8Cﬂ‹€€
€ ﬂ‹≤[8C±€€€∞€€€€    ∞≤€€±€€€∞   ∞€€€±€€€€   ±€€€€€€‹    €ﬂ[8C˛   ﬂ€∞
€›ﬁﬂ≤[8C∞€€€∞€€€€[5C≤€€≤€€€[5C€€€≤€€€€   ∞€€€ﬂ≤€€€‹‹ﬂ[15Cﬁ€
€ﬂ‹≤≤›[7C±€€€∞≤€€€[5C€€€€€€€∞    €€€€€€€€∞   €€€ ∞ ﬂ€ﬂﬂﬂ€€≤‹[8C‹≤‹
ﬂ€≤‹ﬂ›[7C≤€€€±∞€€€›   ‹€€€€€€€±    €€€€€€€€≤  ∞€€≤  ‹ﬂ∞    €€€≤[8Cﬂ
   ﬂﬂ≤‹[5C‹€€€€≤ ﬂ€€€‹‹€ﬂﬂ€€€€€€≤    €€€≤ﬂ€€€€‹‹≤€ﬂ∞‹€€€€€‹‹ €€€€[7C∞‹‹‹€
≤€‹[10Cﬂ€€€ﬂ   ﬂﬂﬂﬂ    ﬂﬂ ﬂﬂﬂ[5Cﬂ€ﬂ  ﬂﬂ€€€€›‹≤€ﬂﬂﬂﬂ€€€€€ﬂ[5C‹≤ﬂ€€≤ﬂ
ﬂ   ﬂ[10Cﬂ[35Cﬁ≤≤›[6Cﬂ€›[5Cﬁ≤ﬂ€ €≤≤‹
‹‹[40C€ﬂ≤≤‹‹    ﬂ≤≤‹[13C≤≤€‹ ﬁ€≤≤
≤‹ﬂ≤‹[24C‹‹≤€‹‹∞  ‹≤‹ ﬁ≤‹‹ﬂ≤≤[12C‹‹≤≤ﬂ€  ≤≤€€›ﬁ≤≤≤∞
ﬂ≤≤€€‹[5C‹€‹‹[5C∞∞   ‹‹€€ﬂﬂﬂﬂ€€≤‹‹ ﬂ   ﬂ≤€€‹ﬂ≤[7C˛  ≤≤ﬂ‹‹≤›  ﬁ≤‹ﬂ ‹ﬂ≤±∞
∞∞  ﬂﬂﬂ[5C€ ﬂ≤‹ ‹±≤ﬂ€‹ﬂ≤ﬂ ≤  ‹    ﬂﬂ€€≤‹‹‹ ﬂﬂ≤€€≤[8C≤ﬂ‹€€≤ﬂ‹≤‹ ≤€›ﬁ≤≤≤∞
∞‹‹[6C˛  ≤  ﬁ€∞≤≤≤›ﬁ€›   ±[5C‹‹‹‹‹‹€€€€€€≤‹‹‹ﬂﬂ‹‹‹   ≤€€≤ﬂﬂ   ﬂ  ﬁ€‹‹≤ﬂ
 ∞≤€€≤‹‹    ± ‹€ﬂ €≤‹ﬂ €€   ∞  ‹€€≤ﬂﬂﬂﬂﬂ    ∞≤ﬂﬂﬂﬂﬂ≤≤€€€∞ﬂﬂ‹‹∞≤€€€‹‹‹‹∞≤≤ﬂ‹‹‹‹‹
 ˛∞≤‹ﬂ€€≤‹  ∞[5Cﬁ≤ﬂ›ﬁ‹›[5C€≤ﬂ ‹≤‹  ‹‹≤≤ﬂ€ ‹‹≤≤›ﬁ€‹    ‹≤±∞±≤€ﬂﬂﬂﬂﬂﬂ‹‹≤€€€€€
‹  ∞≤≤‹ﬂﬂ≤›  ‹‹∞   €ﬂ‹≤ﬂ   ‹≤ﬂ≤≤€  ﬂ  ≤≤ﬂ‹‹≤›≤€€€≤ ‹ﬂ€ﬂ ‹≤›ﬁ≤≤≤‹±≤‹‹[5C‹
ﬂ≤‹  ﬂﬂ≤≤‹€‹€€≤≤ﬂ≤‹∞≤ﬂ    ﬁ≤›ﬁ≤€› ˛  ≤ﬂ‹€€≤ﬂ≤€€€≤›ﬁ≤€ﬂ ≤€ﬂ‹ ≤€€€€‹≤ﬂ€€‹ ﬂ≤ﬂ   ≤
€‹≤› ﬂ  ‹‹€≤ﬂﬁ€≤›ﬁ≤›[6C≤ﬂ‹€€ﬂ    ≤€€≤ﬂﬂ ﬁﬂﬂ‹‹€ ≤≤€›ﬁ€ﬂ€€›ﬁ≤€€€€€≤‹ﬂ€‹[5Cﬂﬂ
ﬂ≤≤€‹‹€€≤ﬂﬂ   ﬂ€€‹ﬂ≤    ‹≤≤€ﬂﬂ[5Cﬂﬂ[6C€€€€≤ €€‹ﬂ≤ ≤€€€€ ≤‹‹ﬂﬂ›ﬂ≤≤‹≤‹
€€≤≤ﬂﬂﬂ≤ ∞±≤‹‹  ﬂﬂ€≤≤‹[21Cﬁ€ﬂ≤ €€€€ﬂ   ≤ﬂ‹€€ ≤€€€≤    ﬂﬂﬂ
 ‹  ‹≤≤ﬂ€‹ﬂﬂ€≤≤‹    ∞[23C≤≤ €€‹ﬂ[6Cﬂ≤€€€ ≤ﬂ€›[7C‹‹‹ﬂ€
ﬂ≤ﬂﬁ≤≤›ﬁ€€›ﬁ‹ﬂ‹≤≤[9C˛[18C≤∞€ﬂ[10Cﬂ‹€€ €≤   ‹‹‹≤≤‹ﬂ≤≤‹
∞± ≤‹ﬂ‹ﬂ€€ ≤€€‹€≤≤[28C≤›[5C˛[7Cﬂ€∞≤  ﬂﬂﬂ≤≤‹‹€ﬂ‹‹‹
∞∞∞≤≤‹€€€   ﬂﬂ€€€≤›[10C‹‹‹‹€€‹‹‹‹[23Cﬁ€[7C∞ﬂﬂﬂﬂ≤≤‹
∞ ﬁ≤‹€ﬂﬂ[10Cﬂ    ‹ ≤≤≤≤€≤€€€€€€€€€€€≤‹‹[31C∞‹≤
  ﬂﬂ∞    ˛[10C‹€≤≤ ≤≤≤≤≤≤≤≤€≤€€€€€€€€€€€≤‹[25C‹≤ﬂ≤≤€
€‹‹[15C‹ ≤≤≤≤∞≤≤≤≤€€€€€€€€€€€€€€€€€€€€‹[22Cﬁ≤›ﬁ≤€›
‹≤≤€ﬂ[11C‹≤€∞≤≤≤≤±€≤€€≤€€€€€€€€€€€€€€€€€€€€≤‹[20C≤ﬂ‹€€ﬂ
ﬂ[14C‹€€€±≤€≤≤≤€≤€€€€€€€€€€€€‹€€€›ﬁ€€€€€€€‹[17C‹≤≤€ﬂﬂ€
€ﬂ≤≤‹‹[8C∞€€≤€≤≤€≤€€€€€€€€€€€€€€€€€€€€  €€€ﬂ€€€€›[17C∞ ﬁ  €
ﬁ≤‹‹ﬂ≤≤[6C∞≤€≤≤≤≤≤≤≤≤€€€€€€€€ﬂ‹‹ﬂ‹‹ﬂ€€€    €€€€€€€≤[19Cﬁ ∞≤
 ﬂ≤€€ﬂ‹≤[5C±≤€€≤≤≤€€€€€€€€€€€€€€€€€€€€€‹    ‹€€€€€€€›[19Cﬂﬂ›
∞˛ ﬂﬂ≤€€≤    ±≤≤€≤≤≤€≤€€€€€€€€€€€€€€€€€€€≤ ﬂ  €€€€€€€€›[21C›
∞∞    ‹‹ﬂﬂ   ±≤≤≤€≤≤≤≤€≤€€≤€€€€€€€€€€€€€€€    ﬂ≤€€€€€€›‹‹‹[18Cﬂ ‹
 ‹‹≤€€≤[6C∞≤≤≤≤≤≤€≤€≤€≤≤€€€€€€€€€€€€€€€[7Cﬂ≤  ﬂﬂ≤  ﬂﬂ∞ﬂ ˛[12C‹≤€
≤€€ﬂ‹≤[8C∞≤≤±≤≤≤≤≤≤≤≤≤≤€€€€€€€€€€€€€≤∞[7C∞    ∞[14C∞‹‹  ﬁ≤ﬂﬂ
ﬂﬂ‹≤≤[10Cﬂ≤∞≤≤≤≤≤≤≤≤€≤€€€€€€€€€€€€ﬂ∞[25C‹≤ﬂ≤≤€€‹€‹≤≤
≤≤ﬂﬂ[12Cﬂ ≤≤≤±≤≤≤≤≤≤€€€€€€€€€ﬂ[28Cﬁ≤›ﬁ≤€›ﬂ≤€‹‹
∞‹€ﬂ≤≤‹‹‹‹∞[7Cﬂ≤≤∞≤≤≤≤€≤€€€€€€€≤∞[29C≤ﬂ‹€€ﬂ   ﬂﬂ≤€
€ﬂ‹ﬂﬂﬂ‹€ﬂﬂ≤≤‹‹‹[5Cﬂ ≤≤≤≤≤≤≤€€€€€€€[28C‹≤≤€ﬂﬂ  ‹‹≤±∞ ≤
‹‹‹ﬂ≤≤‹ﬂ≤≤ﬂﬂﬂ[10Cﬂﬂ≤≤≤≤≤€€€€€∞[29C∞    ‹≤≤€ﬂﬂ‹€ﬂ
ﬂ≤≤€‹ﬂﬂﬂ[21Cﬂﬂﬂﬂ≤∞[34C≤≤‹ﬂ‹›ﬁ€€›
ﬂ   ‹≤‹  ﬂ[10C˛[11C≤∞[34C≤≤€‹€€≤ €€ﬂ
≤≤‹‹ ﬂ[25C≤∞[34Cﬁ≤€€€ﬂﬂ   €€
ﬂﬂﬂ≤≤‹ ˛[22Cﬂ[36Cﬂ    ‹‹∞   ﬂ
€€€‹‹ﬂ€[19C‹ ﬂ[43Cﬁ≤ﬂ€‹‹
≤‹ ﬂﬂﬂ€≤[14C∞ ﬂ[48C≤≤ ﬂ‹€
ﬂ≤≤  ‹  ﬂ[58C‹∞    ≤≤›ﬁﬂ‹
€‹ﬂ≤[55C‹‹[7C€≤‹  ﬁﬂ‹ €€
ﬂ≤€€≤[55C≤€€≤‹‹  ﬁ€≤≤‹ ﬂ≤≤≤€
≤±∞∞ﬂﬂ[55C≤‹ﬂ€€≤‹ €ﬂ€≤≤   ﬂ‹
∞ ‹‹‹€ﬂ‹€ﬂ‹‹‹‹‹[23C‹‹ ‹€ﬂ≤≤‹‹‹‹∞[11C≤≤‹ﬂﬂ≤›ﬁ€‹ ≤≤  ‹
‹≤≤≤ﬂ ﬂ∞ ‹‹‹€‹≤≤ﬂﬂ[17C‹≤≤ﬂ‹€ﬂ‹ﬂﬂﬂ‹€ﬂﬂ≤≤‹‹‹[8Cﬂﬂ≤≤‹€ €‹ﬂ ≤›ﬂ≤ﬂ
€ﬂ‹‹‹ﬂ€≤≤‹≤≤ﬂﬂ[20C‹≤ﬂﬂ ‹‹‹‹ﬂ≤≤‹ﬂ≤≤ﬂﬂﬂ  ∞‹‹‹‹≤≤ﬂ€‹ ‹‹∞ﬂ €€›ﬁ≤
≤≤≤≤ﬂﬂﬂﬂ[25C‹€≤≤€€‹ﬂ≤≤€‹ﬂﬂﬂ   ‹‹‹≤≤ﬂﬂ€‹ﬂﬂﬂ‹ﬂ€‹ﬂ≤≤‹ ﬂ€≤≤∞
ﬂ[5C‹≤≤≤≤‹‹[10C‹≤‹[6Cﬁ€›  ﬂﬂﬂﬂﬂ‹‹‹[8Cﬂﬂﬂ≤≤ﬂ‹≤≤ﬂ‹‹‹‹ ﬂﬂ≤›∞‹∞±∞
≤ﬂ‹‹ ≤ﬂ€€‹‹ﬂ≤≤  ˛[7Cﬂ[8Cﬂ€‹‹‹≤€€ﬂﬂﬂﬂ€€≤‹‹ﬂ≤≤‹‹   ﬂﬂﬂ‹€≤≤ﬂ‹€€≤≤∞≤≤€‹‹
ﬂﬂ  ﬁ›  ﬂ≤€€‹ﬂ≤[15C‹‹‹≤€€ﬂﬂ    ‹  ≤ ﬂ∞ﬁ≤‹‹ﬂ≤≤   ˛[5Cﬂﬂﬂﬂﬂ  ‹ﬂ≤≤€€€
‹‹   ﬂ‹‹  ﬂﬂ≤€€≤ ‹‹‹‹‹‹‹‹‹‹≤€€€€€€‹‹‹‹‹‹[5C±    ﬂ≤€€‹ﬂ≤[12C‹≤±∞±‹‹ﬂﬂ≤
€€€€€€€€€€€≤∞‹‹ﬂﬂ∞≤€€≤≤ﬂﬂﬂﬂﬂ≤∞    ﬂﬂﬂﬂﬂ≤€€‹  ∞[5C∞ﬂﬂ≤€€≤    ‹≤‹  ‹≤›ﬁ≤≤≤‹±≤‹‹
[5Cﬂﬂﬂ≤€≤±∞±≤‹    ‹€›ﬁ≤≤‹‹ €ﬂ≤≤‹‹  ‹≤‹ ﬂ≤€[7Cﬂ≤∞   ﬂﬂ    ﬂ  ≤€ﬂ‹ ≤€€€€‹≤ﬂ
[6C‹‹≤±‹≤≤≤›ﬁ≤‹ ﬂ€ﬂ‹ ≤€€€≤ﬁ≤‹‹ﬂ≤≤  ﬂ  €≤≤ﬂ≤‹    ‹€≤≤≤‹[8Cﬁ€ﬂ€€›ﬁ≤€€€€€≤
   ‹€€ﬂ≤‹€€€€≤ ‹ﬂ€≤ ﬂ€≤›ﬁ≤€€€≤ﬂ≤€€‹ﬂ≤  ˛ ﬁ€≤›ﬁ≤›  ﬁ€€€ ﬂ‹›[8C≤€€€€ ≤‹‹ﬂﬂ›ﬂ
  ‹€ﬂ‹≤€€€€€≤›ﬁ€€ﬂ€›ﬁ€≤≤ €‹‹ﬂﬂ›‹ﬂﬂ≤€€≤    ﬂ€€‹ﬂ≤   €ﬂ‹›ﬁ≤≤[6C‹ﬂﬁ≤ﬂ‹€€ ≤€€€≤
 ‹≤‹≤≤ﬂﬁﬂﬂ‹‹≤ €€€€≤ ≤ﬂ‹€€ ≤€€€€ ﬂ‹   ﬂﬂ    ‹ﬂﬂ€≤≤‹ ‹€ﬂ‹ ≤≤∞   ‹ﬂﬁ ﬁ ﬂ≤€€€ ≤ﬂ€›
ﬂﬂﬂ    ≤€€€≤ €€‹ﬂ≤   ﬂ€€€€ ≤ﬂ€›   ﬂ‹ ‹‹‹ﬂﬂﬂ ∞≤    ‹ﬂﬁ€ﬂ€‹≤± ‹ﬂﬁ ﬁ ﬁ   ﬂ‹€€ €≤
[7Cﬁ€ﬂ≤ €€€≤ﬂ[6Cﬂ‹€€ ≤≤[5C∞≤‹    ‹‹ﬂ€ﬂ‹‹‹€  €∞ ∞ﬂ≤ﬂ  ﬁ∞ﬁ ﬁ[5Cﬂ€∞≤
[8C≤€ €€‹ﬂ[10Cﬂ€∞≤[7C≤∞ﬂ‹ﬂﬂ ‹‹€‹ ‹ﬂ€  ≤± ‹ﬂ    ﬁ≤ﬁ∞ﬁ[6Cﬁ€
[9C≤∞€ﬂ[7C˛[5Cﬁ≤[7Cﬁ› ﬁ›ﬂ‹ﬂ  €∞≤€ ﬁ› ﬁ≤ﬂ[7Cﬂ€≤ﬂ
[10C€›[15Cﬂﬂ‹‹‹  ‹ﬂ  ≤ ﬁ›ﬂ‹ €‹ﬂ € €‹ﬂ€  ‹≤‹    ﬁ
[32Cﬂﬂ≤ﬂﬂﬂ≤‹€‹‹‹≤≤≤‹ ﬁ›ﬁ›  €  ﬂ[5Cﬁ ‹∞
ﬂ[5C‹≤≤≤≤‹‹[21C∞€  ﬁ›ﬁ› ‹ﬂ≤ﬂ‹ﬂﬂ≤ﬂﬂ€ﬂﬂ≤‹‹‹    ﬁ  €≤‹
≤ﬂ‹‹ ≤ﬂ€€‹‹ﬂ≤≤  ˛[12C‹≤∞   ﬁ›  € €ﬂ  €  ﬂ‹ﬂ ﬁ›  ‹ﬂ ≤€€≤‹€  ﬁ€≤≤‹
ﬂﬂ  ﬁ›  ﬂ≤€€‹ﬂ≤[10C‹‹€€≤ﬂ[5C€  ≤ﬂ ﬂ‹‹€‹ﬂﬂ ﬂ‹ﬂ  €    ≤‹ﬂ€€≤‹ €ﬂ∞≤≤
‹‹   ﬂ‹‹  ﬂﬂ≤€€≤    ‹‹‹€€€€ﬂﬂ    ˛  ≤‹ﬂ ﬂﬂ‹‹∞≤ ‹‹ﬂﬂ ﬂ‹ﬁ›[5C≤≤‹ﬂﬂ≤›ﬁ€‹ ≤≤
€€€€€€€€€€€≤∞‹‹‹≤€€€€€ﬂﬂﬂ≤€€€‹‹‹   ‹ﬂﬂﬂﬂ‹‹  ﬂ≤ﬂ  ‹‹ﬂﬂﬂﬂ€[6Cﬂﬂ≤≤‹€ €‹ﬂ ≤›
[5Cﬂﬂﬂ≤€≤±∞±≤€ﬂﬂﬂ ﬁ    ∞› ﬂﬂﬂ≤€€€≤∞[5Cﬂﬂ‹€‹ﬂﬂ[5C∞‹€‹‹≤≤ﬂ€‹ ‹‹∞ﬂ €€›ﬁ≤
[6C‹‹≤±‹≤≤≤›ﬁ≤‹  ﬁ∞    ›[18C€    ‹‹‹≤≤ﬂﬂ€‹ﬂﬂﬂ‹ﬂ€‹ﬂ≤≤‹ ﬂ€≤≤∞
   ‹€€ﬂ≤‹€€€€≤ ‹ﬂ€≤ ﬁ±∞   ›[13Cﬁ    €    › ﬂﬂﬂ≤≤ﬂ‹≤≤ﬂ‹‹‹‹ ﬂﬂ≤›∞‹∞±∞
  ‹€ﬂ‹≤€€€€€≤›ﬁ€€ﬂ€›ﬁ€≤∞  ›[13C€    ≤    €[6Cﬂﬂﬂ‹€≤≤ﬂ‹€€≤≤∞≤≤€‹‹
 ‹≤‹≤≤ﬂﬁﬂﬂ‹‹≤ €€€€≤  ﬂ€€‹ﬂ[13Cﬁ›    ∞    ﬁ›[12Cﬂﬂﬂﬂﬂ ‹∞ﬂ≤≤€€€€
ﬂﬂﬂ€∞  ≤€€€≤ €€‹ﬂ≤    ﬁ[17C≤   ‹≤‹   ≤[12C‹≤‹  ‹≤≤≤€‹  ﬂﬂ≤
   € ﬂ ﬁ€ﬂ≤ €€€≤ﬂ[5Cﬁ[16C‹ ﬂ‹ﬁﬂ ﬂ›‹ﬂ ‹[12Cﬂ  ﬁ‹ﬂ €€€›
   ≤    ≤€ €€‹ﬂ[7Cﬁ[17Cﬂ∞‹≤≤‹€€‹‹ﬂ[14C˛ ≤≤›ﬁ‹ﬂ€   ﬂ
   ±    ∞≤∞€ﬂ[9Cﬂ[19C‹ﬂ≤≤≤ﬂ‹[18C≤≤ ‹ﬂ€
   ∞ ‹≤‹ ∞≤›[25Cﬁ∞ ‹ﬂ €∞±∞€ ﬂ‹ ∞›[12Cﬁ≤‹€ﬂﬂ‹‹∞
[6Cﬂ∞  ∞[27Cﬂﬂ  ﬁ› ∞ ﬁ›  ﬂﬂ[13Cﬂﬂ∞   ﬁ≤ﬂ€‹‹
€ﬂ‹‹‹[37C€[5C€[24C≤≤ ﬂ‹€
‹≤≤ﬂ‹≤≤‹‹‹[32C€   ‹ ≤[24C≤≤›ﬁﬂ‹
‹‹‹ﬂ€‹‹≤≤ﬂﬂﬂ[29Cﬁ≤ﬂ   ﬂ≤›[21C∞ ﬁﬂ‹ €€
‹≤≤ﬂﬂﬂﬂ∞[34C∞[27C∞≤‹‹ﬂ€≤≤≤
≤‹‹[5C‹[63Cﬂﬂ≤€€‹‹
€≤≤ﬂ≤‹[67C‹≤≤ﬂﬂ≤
ﬁ€≤›ﬁ≤›[64C‹≤›ﬁ≤≤≤‹
 ﬂ€€‹ﬂ≤[63C≤€ﬂ‹ ≤€€€
   ﬂﬂ€≤≤‹[60Cﬁ€ﬂ€€›ﬁ≤€€
[6C±∞[62C≤€€€€ ≤‹‹
  ‹≤‹ ∞ ∞‹[61C≤ﬂ‹€€ ≤€
   ﬂ  ‹≤€[63Cﬂ≤€€€ ≤
 ˛  ‹≤≤€›[63C‹∞ﬂ‹€€
   ≤≤∞ﬂ€[62C‹€≤ﬂ  ﬂ€≤
  ≤≤ ‹€›[59C‹≤≤≤€‹   ∞ ﬂ
 ﬁ≤ ﬂ‹€[59Cﬁ‹ﬂ €€€›  ≤€›
 ≤›ﬁ€€   ‹‹ ‹€ﬂ≤≤‹‹‹‹∞[44C≤≤›ﬁ‹ﬂ€  ∞≤€›
‹≤≤€ﬂ ‹≤≤ﬂ‹€ﬂ‹ﬂﬂﬂ‹€ﬂﬂ≤≤‹‹‹[40C≤≤ ‹ﬂ€   ﬁ€€
∞±∞‹∞ﬁ≤ﬂﬂ ‹‹‹‹ﬂ≤≤‹ﬂ≤≤ﬂﬂﬂ[41Cﬁ≤‹€ﬂﬂ    ﬁ€›
‹‹€≤≤∞≤≤€€‹ﬂ≤≤€‹ﬂﬂﬂ[46Cﬂﬂ∞[7C€€›
€≤≤ﬂ   ﬂﬂﬂﬂﬂ[57C‹‹   ∞≤€
ﬁ€€[5C∞‹[60C≤€€≤‹‹ﬂ
 €€›  ‹≤€[7C‹‹[53C≤‹ﬂ€€≤‹
 ∞≤ﬂ‹≤≤€›  ‹‹≤€€≤[55C≤≤‹ﬂﬂ≤›
  ∞≤≤∞ﬂ€ ‹≤€€ﬂ‹≤[57Cﬂﬂ≤≤‹€
  ≤≤ ‹€›ﬁ≤ﬂﬂ‹≤≤[48C∞‹‹‹‹≤≤ﬂ€‹ ‹‹
 ﬁ≤ ﬂ‹€ €‹≤≤ﬂﬂ[45C‹‹‹≤≤ﬂﬂ€‹ﬂﬂﬂ‹ﬂ€‹ﬂ≤≤‹
 ≤›ﬁ€€ ﬂ∞‹‹ ‹€ﬂ≤≤‹‹‹‹∞[39Cﬂﬂﬂ≤≤ﬂ‹≤≤ﬂ‹‹‹‹ ﬂﬂ≤
∞≤≤€ﬂ ‹≤≤ﬂ‹€ﬂ‹ﬂﬂﬂ‹€ﬂﬂ≤≤‹‹‹[40Cﬂﬂﬂ‹€≤≤ﬂ‹€€≤≤
∞±∞‹∞ﬁ≤ﬂﬂ ‹‹‹‹ﬂ≤≤‹ﬂ≤≤ﬂﬂﬂ[49Cﬂﬂﬂﬂﬂ
‹‹€≤≤∞≤≤€€‹ﬂ≤≤€‹ﬂﬂﬂ[55C∞‹‹‹€
€≤≤ﬂ   ﬂﬂ€ﬂﬂ›[57C‹≤ﬂ€€≤ﬂ
[9Cﬁ  ›[56Cﬁ≤ﬂ€ €≤≤‹
‹‹[5C˛ ﬁ  ›[29C€ﬂ≤≤‹‹[21C≤≤€‹ ﬁ€≤≤
≤‹ﬂ≤‹    ﬁ∞∞›[16C‹‹≤€‹‹∞  ‹≤‹ ﬁ≤‹‹ﬂ≤≤[12C‹‹≤≤ﬂ€  ≤≤€€›ﬁ≤≤≤∞
ﬂ≤≤€€‹   ﬁ≤€›[7C∞∞ ‹‹‹€€€ﬂﬂﬂﬂ€€≤‹‹ ﬂ   ﬂ≤€€‹ﬂ≤[7C˛  ≤≤ﬂ‹‹≤›  ﬁ≤‹ﬂ ‹ﬂ≤±∞
∞∞  ﬂﬂﬂ   ﬂﬂ[5Cﬂ‹€ﬂ≤±‹ﬂ≤ﬂ ≤  ‹    ﬂﬂ€€≤‹‹‹ ﬂﬂ≤€€≤[8C≤ﬂ‹€€≤ﬂ‹≤‹ ≤€›ﬁ≤≤≤∞
∞‹‹[9C‹    ﬁ€›ﬁ≤≤≤∞   ±[5C‹‹‹‹‹‹€€€€€€≤‹‹‹ﬂﬂ‹‹‹   ≤€€≤ﬂﬂ   ﬂ  ﬁ€‹‹≤ﬂ
 ∞≤€€≤‹‹   ﬂ≤ﬂ   €€ ﬂ‹≤€    ∞  ‹€€≤ﬂﬂﬂﬂﬂ    ∞≤ﬂﬂﬂﬂﬂ≤≤€€€∞ﬂﬂ‹‹∞≤€€€‹‹‹‹∞≤≤ﬂ‹‹‹‹‹
 ˛∞≤‹ﬂ€€≤‹[7Cﬁ‹›ﬁﬂ≤›[6C€≤ﬂ ‹≤‹  ‹‹≤≤ﬂ€ ‹‹≤≤›ﬁ€‹    ‹≤±∞±≤€ﬂﬂﬂﬂﬂﬂ‹‹≤€€€€€
‹  ∞≤≤‹ﬂﬂ≤›  ‹‹‹  ﬂ≤‹ﬂ€    ‹≤ﬂ≤≤€  ﬂ  ≤≤ﬂ‹‹≤›≤€€€≤ ‹ﬂ€≤‹‹≤›ﬁ≤≤≤‹±≤‹‹[5C‹
ﬂ≤‹  ﬂﬂ≤≤‹€‹€€≤≤ﬂ€‹ ﬂ≤∞   ﬁ≤›ﬁ≤€› ˛  ≤ﬂ‹€€≤ﬂ≤€€€≤›ﬁ≤€ﬂ∞≤€ﬂ‹ ≤€€€€‹≤ﬂ€€‹ ﬂ≤ﬂ   ≤
€‹≤› ﬂ  ‹‹€≤ﬂﬁ€≤›ﬁ≤›[6C≤ﬂ‹€€ﬂ    ≤€€≤ﬂﬂ ﬁﬂﬂ‹‹€ ≤≤€›ﬁ€ﬂ€€›ﬁ≤€€€€€≤‹ﬂ€‹[5Cﬂﬂ
ﬂ≤≤€‹‹€€≤ﬂﬂ   ﬂ€€‹ﬂ≤    ‹≤≤€ﬂﬂ[5Cﬂﬂ[6C€€€€≤ €€‹ﬂ≤ ≤€€€€ ≤‹‹ﬂﬂ›ﬂ≤≤‹≤‹
€€≤≤ﬂﬂﬂ≤ ∞±≤‹‹  ﬂﬂ€≤≤‹[9C‹≤‹[9Cﬁ€ﬂ≤ €€€€ﬂ   ≤ﬂ‹€€ ≤€€€≤    ﬂﬂﬂ
 ‹  ‹≤≤ﬂ€‹ﬂﬂ€≤≤‹    ∞[11Cﬂ[11C≤≤ €€‹ﬂ[6Cﬂ≤€€€ ≤ﬂ€›[7C‹‹‹ﬂ€
ﬂ≤ﬂﬁ≤≤›ﬁ€€›ﬁ‹ﬂ‹≤≤[9C˛[18C≤∞€ﬂ[10Cﬂ‹€€ €≤   ‹‹‹≤≤‹ﬂ≤≤‹
∞± ≤‹ﬂ‹ﬂ€€ ≤€€‹€≤≤[28C≤›[5C˛[7Cﬂ€∞≤  ﬂﬂﬂ≤≤‹‹€ﬂ‹‹‹
∞∞∞≤≤‹€€€   ﬂﬂ€€€≤›[43Cﬁ€[7C∞ﬂﬂﬂﬂ≤≤‹
∞ ﬁ≤‹€ﬂﬂ[10Cﬂ[57C∞‹≤
  ﬂﬂ∞    ˛   A S C I I   D O N E   B Y   m 0 l o   O F   C R O   ˛[7C‹≤ﬂ≤≤€
€‹‹[39C‹[29Cﬁ≤›ﬁ≤€›
‹≤≤€ﬂ[14C€‹€‹€ €ﬂ€€ €   €ﬂﬂ€   €  €ﬂﬂ ≤ﬂﬂ‹ €ﬂﬂ€[15C≤ﬂ‹€€ﬂ
ﬂ[18C€ ﬂ € €≤‹€ €‹‹ €‹‹€  ≤   €‹‹ €ﬂﬂ‹ €‹‹€[13C‹≤≤€ﬂﬂ
[39Cﬂ
‹‹   ≤‹[64C‹≤   ‹‹‹
  ﬂﬂ‹≤∞ﬂ‹‹[58C‹‹ﬂ∞≤‹ﬂﬂ  €
›ﬂ≤‹ ﬁ≤‹  ﬂﬂﬂ‹‹‹ ‹≤‹   ‹‹‹‹‹‹‹€€€€€€€€€€€€€€€€€€€‹‹‹‹‹‹[7C‹‹‹ﬂﬂﬂ  ‹≤› ‹≤ﬂﬁ›
ﬂ˛ ﬂ≤‹ﬂ€€‹‹[7Cﬂ ﬂﬂﬂ ∞∞±±≤≤€€€€€€€€€€€€€€€€€€≤≤±±∞∞ ﬂﬂﬂ[9C‹‹€€ﬂ‹≤ﬂ ˛ﬂ
  ﬂ‹ ﬂ€‹ﬂﬂ€€€€≤‹‹‹‹‹[8C∞∞±±≤≤€€€€€€€€€€≤≤±±∞∞[8C‹‹‹‹‹≤€€€€ﬂﬂ‹€ﬂ ‹ﬂ
   ﬁ› ﬂ€€≤∞‹≤ﬂﬂﬂﬂ€€€€€€€≤‹‹‹‹    ∞±≤≤€€€€≤≤±∞    ‹‹‹‹≤€€€€€€€ﬂﬂﬂﬂ≤‹∞≤€€ﬂ ﬁ›
  ‹≤ ˛  ﬂ‹€€ﬂ[8Cﬂﬂﬂﬂ€€€€€€≤‹‹  ∞±≤≤±∞  ‹‹≤€€€€€€ﬂﬂﬂﬂ[8Cﬂ€€‹ﬂ  ˛ ≤‹
    ﬂ‹ ‹€€≤∞[16Cﬂﬂ€€€€€‹[6C‹€€€€€ﬂﬂ[16C∞≤€€‹ ‹ﬂ
  ‹  ﬁ› ﬂ€€≤∞   ‹€‹  ‹‹[9Cﬂ€€€›    ﬁ€€€ﬂ[9C‹‹  ‹€‹   ∞≤€€ﬂ ﬁ›  ‹
    ‹ﬂ   ‹€€ﬂ  €€€ ‹≤€€≤‹   ‹‹∞ ≤€€ﬂﬂ    ﬂﬂ€€≤ ∞‹‹   ‹≤€€≤‹ €€€  ﬂ€€‹   ﬂ‹
  ‹≤‹‹ ‹€€€   ﬁ€€›ﬁ€€€ﬂﬂﬂﬂ  ﬁ€≤ €€€›[6Cﬁ€€€ ≤€›  ﬂﬂﬂﬂ€€€›ﬁ€€›   €€€‹ ‹‹≤‹
   ‹±∞ﬂﬂ ﬂ€€‹  ≤€€ ﬂ≤€‹    ‹€≤›ﬁ€€€ ‹    ‹ €€€›ﬁ≤€‹    ‹€≤ﬂ €€≤  ‹€€ﬂ ﬂﬂ∞±‹
  ﬂ€≤∞ ˛ ﬁ€€›   ﬂ€€‹ ﬂ€€€€€€€ﬂ‹€€€›ﬁ€∞∞∞∞€›ﬁ€€€‹ﬂ€€€€€€€ﬂ ‹€€ﬂ   ﬁ€€› ˛ ∞≤€ﬂ
   ﬁ€≤∞  €€€[6Cﬂ€€‹‹ ﬂﬂﬂ‹‹ﬂ€€€€≤€ﬁ≤±±≤›€≤€€€€ﬂ‹‹ﬂﬂﬂ ‹‹€€ﬂ[6C€€€  ∞≤€›
 ﬂ  €≤∞ ﬁ€€›[9Cﬂﬂ≤€€€ﬂ ‹€€€€€ ﬁ€≤≤€› €€€€€‹ ﬂ€€€≤ﬂﬂ[9Cﬁ€€› ∞≤€  ﬂ
   ﬁ≤∞  €€€[5C‹€€€€≤‹‹‹€€‹€€€€€€   €€€€   €€€€€€‹€€‹‹‹≤€€€€‹[5C€€€  ∞≤›
   ≤∞  ﬁ€€›   ‹€€€€€€€€€€€€€ﬂ€€€€  ≤∞ﬁ€€›∞≤  €€€€ﬂ€€€€€€€€€€€€€‹   ﬁ€€›  ∞≤
  ≤∞  ‹€€€  ‹€€€€€€€€€€€€€€€‹ ﬂ€  €€≤‹ﬂﬂ‹≤€€  €ﬂ ‹€€ﬂ€€€€€€€€€€€€‹  €€€‹  ∞≤
 ≤∞ ∞≤€€€‹‹‹[5Cﬂﬂﬂﬂ€€€€€€€€‹   €€€€€≤€€€€€€   ‹€€‹∞‹€€€ﬂﬂﬂﬂ[5C‹‹‹€€€≤∞ ∞≤
 €[5Cﬂﬂﬂﬂ€€€≤‹‹[7Cﬂﬂﬂ≤≤€    ﬂﬂ€€€€€€ﬂﬂ    €€≤ﬂﬂﬂ[7C‹‹≤€€€ﬂﬂﬂﬂ[5C€
 ﬂﬂﬂﬂﬂﬂ‹‹‹[5Cﬂﬂﬂ€≤‹‹‹‹    ±ﬂ[8Cﬂﬂ[8Cﬂ ∞   ‹‹‹‹≤€ﬂﬂﬂ[5C‹‹‹ﬂﬂﬂﬂﬂﬂ
[10Cﬂﬂ ‹[5C‹‹€≤∞    ∞[25C∞≤€‹‹[5C‹ ﬂﬂ
[22Cﬂﬂﬂ‹‹‹   ‹[14C‹   ‹‹‹ﬂﬂﬂ
[27C∞ﬂﬂ‹  ﬂﬂ‹‹    ‹‹ﬂﬂ  ‹ﬂﬂ≤
[31C‹‹‹   ﬂ‹‹ﬂ   ‹‹‹   ±
[33C∞ﬂﬂ‹ ﬁ› ‹ﬂﬂ≤[5C∞
[37C‹≤≤‹   ∞
[38Cﬂﬂ

----- logout -----

[63C∞‹‹‹‹≤≤ﬂ€‹ ‹‹
[59C‹‹‹≤≤ﬂﬂ€‹ﬂﬂﬂ‹ﬂ€‹ﬂ≤≤‹
[61Cﬂﬂﬂ≤≤ﬂ‹≤≤ﬂ‹‹‹‹ ﬂﬂ≤
[66Cﬂﬂﬂ‹€≤≤ﬂ‹€€≤≤
[9CGOOD BYE WANDERER. THE WISE OWL WILL KEEP AN EYE ON YOU.[8Cﬂﬂﬂﬂﬂ
‹‹   ≤‹[64C‹≤   ‹‹‹
  ﬂﬂ‹≤∞ﬂ‹‹[58C‹‹ﬂ∞≤‹ﬂﬂ  €
›ﬂ≤‹ ﬁ≤‹  ﬂﬂﬂ‹‹‹ ‹≤‹   ‹‹‹‹‹‹‹€€€€€€€€€€€€€€€€€€€‹‹‹‹‹‹[7C‹‹‹ﬂﬂﬂ  ‹≤› ‹≤ﬂﬁ›
ﬂ˛ ﬂ≤‹ﬂ€€‹‹[7Cﬂ ﬂﬂﬂ ∞∞±±≤≤€€€€€€€€€€€€€€€€€€≤≤±±∞∞ ﬂﬂﬂ[9C‹‹€€ﬂ‹≤ﬂ ˛ﬂ
  ﬂ‹ ﬂ€‹ﬂﬂ€€€€≤‹‹‹‹‹[8C∞∞±±≤≤€€€€€€€€€€≤≤±±∞∞[8C‹‹‹‹‹≤€€€€ﬂﬂ‹€ﬂ ‹ﬂ
   ﬁ› ﬂ€€≤∞‹≤ﬂﬂﬂﬂ€€€€€€€≤‹‹‹‹    ∞±≤≤€€€€≤≤±∞    ‹‹‹‹≤€€€€€€€ﬂﬂﬂﬂ≤‹∞≤€€ﬂ ﬁ›
  ‹≤ ˛  ﬂ‹€€ﬂ[8Cﬂﬂﬂﬂ€€€€€€≤‹‹  ∞±≤≤±∞  ‹‹≤€€€€€€ﬂﬂﬂﬂ[8Cﬂ€€‹ﬂ  ˛ ≤‹
    ﬂ‹ ‹€€≤∞[16Cﬂﬂ€€€€€‹[6C‹€€€€€ﬂﬂ[16C∞≤€€‹ ‹ﬂ
  ‹  ﬁ› ﬂ€€≤∞   ‹€‹  ‹‹[9Cﬂ€€€›    ﬁ€€€ﬂ[9C‹‹  ‹€‹   ∞≤€€ﬂ ﬁ›  ‹
    ‹ﬂ   ‹€€ﬂ  €€€ ‹≤€€≤‹   ‹‹∞ ≤€€ﬂﬂ    ﬂﬂ€€≤ ∞‹‹   ‹≤€€≤‹ €€€  ﬂ€€‹   ﬂ‹
  ‹≤‹‹ ‹€€€   ﬁ€€›ﬁ€€€ﬂﬂﬂﬂ  ﬁ€≤ €€€›[6Cﬁ€€€ ≤€›  ﬂﬂﬂﬂ€€€›ﬁ€€›   €€€‹ ‹‹≤‹
   ‹±∞ﬂﬂ ﬂ€€‹  ≤€€ ﬂ≤€‹    ‹€≤›ﬁ€€€ ‹    ‹ €€€›ﬁ≤€‹    ‹€≤ﬂ €€≤  ‹€€ﬂ ﬂﬂ∞±‹
  ﬂ€≤∞ ˛ ﬁ€€›   ﬂ€€‹ ﬂ€€€€€€€ﬂ‹€€€›ﬁ€∞∞∞∞€›ﬁ€€€‹ﬂ€€€€€€€ﬂ ‹€€ﬂ   ﬁ€€› ˛ ∞≤€ﬂ
   ﬁ€≤∞  €€€[6Cﬂ€€‹‹ ﬂﬂﬂ‹‹ﬂ€€€€≤€ﬁ≤±±≤›€≤€€€€ﬂ‹‹ﬂﬂﬂ ‹‹€€ﬂ[6C€€€  ∞≤€›
 ﬂ  €≤∞ ﬁ€€›[9Cﬂﬂ≤€€€ﬂ ‹€€€€€ ﬁ€≤≤€› €€€€€‹ ﬂ€€€≤ﬂﬂ[9Cﬁ€€› ∞≤€  ﬂ
   ﬁ≤∞  €€€[5C‹€€€€≤‹‹‹€€‹€€€€€€   €€€€   €€€€€€‹€€‹‹‹≤€€€€‹[5C€€€  ∞≤›
   ≤∞  ﬁ€€›   ‹€€€€€€€€€€€€€ﬂ€€€€  ≤∞ﬁ€€›∞≤  €€€€ﬂ€€€€€€€€€€€€€‹   ﬁ€€›  ∞≤
  ≤∞  ‹€€€  ‹€€€€€€€€€€€€€€€‹ ﬂ€  €€≤‹ﬂﬂ‹≤€€  €ﬂ ‹€€ﬂ€€€€€€€€€€€€‹  €€€‹  ∞≤
 ≤∞ ∞≤€€€‹‹‹[5Cﬂﬂﬂﬂ€€€€€€€€‹   €€€€€≤€€€€€€   ‹€€‹∞‹€€€ﬂﬂﬂﬂ[5C‹‹‹€€€≤∞ ∞≤
 €[5Cﬂﬂﬂﬂ€€€≤‹‹[7Cﬂﬂﬂ≤≤€    ﬂﬂ€€€€€€ﬂﬂ    €€≤ﬂﬂﬂ[7C‹‹≤€€€ﬂﬂﬂﬂ[5C€
 ﬂﬂﬂﬂﬂﬂ‹‹‹[5Cﬂﬂﬂ€≤‹‹‹‹    ±ﬂ[8Cﬂﬂ[8Cﬂ ∞   ‹‹‹‹≤€ﬂﬂﬂ[5C‹‹‹ﬂﬂﬂﬂﬂﬂ
[10Cﬂﬂ ‹[5C‹‹€≤∞    ∞[25C∞≤€‹‹[5C‹ ﬂﬂ[8C‹‹‹
[6C‹≤≤≤≤‹‹[9Cﬂﬂﬂ‹‹‹   ‹[14C‹   ‹‹‹ﬂﬂﬂ[17C‹≤ﬂ≤≤€
[5C≤ﬂ€€‹‹ﬂ≤≤  ˛[10C∞ﬂﬂ‹  ﬂﬂ‹‹    ‹‹ﬂﬂ  ‹ﬂﬂ≤[8C‹≤‹[10Cﬁ≤›ﬁ≤€›
    ﬁ›  ﬂ≤€€‹ﬂ≤[16C‹‹‹   ﬂ‹‹ﬂ   ‹‹‹   ±[9Cﬂ[11C≤ﬂ‹€€ﬂ
‹‹   ﬂ‹‹  ﬂﬂ≤€€≤[5C‹‹‹€≤∞[6C∞ﬂﬂ‹ ﬁ› ‹ﬂﬂ≤[5C∞[19C‹≤≤€ﬂﬂ
≤≤≤€€€€€€€€≤∞‹‹‹≤€€€≤≤ﬂﬂﬂ[12C‹≤≤‹   ∞
[5Cﬂﬂﬂ≤€≤±∞±≤€ﬂﬂﬂ[19Cﬂﬂ
[6C‹‹≤±‹≤≤≤›ﬁ≤‹
   ‹€€ﬂ≤‹€€€€≤ ‹ﬂ€≤
  ‹€ﬂ‹≤€€€€€≤›ﬁ€€ﬂ€›
 ‹≤‹≤≤ﬂﬁﬂﬂ‹‹≤ €€€€≤
ﬂﬂﬂ€∞  ≤€€€≤ €€‹ﬂ≤
   € ﬂ ﬁ€ﬂ≤ €€€≤ﬂ
   ≤    ≤€ €€‹ﬂ
   ±    ∞≤∞€ﬂ
   ∞[5C∞≤›
