[0m
                                 [1;30m-=  mmxxii =-[0m

                   ЬЬююЫю[1mЬ[0m       юЯЬ        ЬЯю       ЬюЫюю[1;30mЬЬ[0m
             ЬЯЯюЬЯ       Я[1mЫЯююю[0mююЯ   Ь[1m±±[0mЬ   [1mЯюююююЯЫ[0mЯ       ЯЬюЯЯЬ
           [1;30m±[0mЫ    ЫЫ[1;30mю[0m       [1;47m±[0mЭ     [1mЬЬЯЫЯЭЮЯЫЯЬЬ[0m     Ю[1;47m°[0m       [1;30mЯ[0mЫЫ    Ы[1;30mЭ[0m
           ЮЭ   ЮЫЭ°    [1;30mЫЬ[0mЫ[1;47m±[40mЫ[0m    [1mЮ[47mЭ[0m [1;47mЮ[40mЭ[30mЮ[37;47mЭЮ[30;40mЭ[37mЮ[47mЭ[0m [1;47mЮ[40mЭ[0m    Ы[1;47m±[0mЫЬ[1;30mЫ[0m    °[1;30mЮ[0mЫ[1mЭ[0m   ЮЭ
        [1;30mЮЬ[0m  ЯЬ   Ы   [1;30mЬЫ[0mЫ[1;47m±±ЬІЭ[0m     [1mюІІ[0m  [1mЫЫ[0m  [1mІІю[0m     [1;47m°[40mЫ[47mЬ°[0mЫЫ[1;30mЫЬ[0m   Ы   ЬЯ  ЬЭ
 ЬЯЯЬ   [1m°[0mІ[1;30mЯЬ[0m  ЯююЫЬ[1;30mЬ[0mЬЫЫ[1;47mІ[40mЫЫЫ[47mЯ[0mЭ   [1mЫ[47mЬ[0m [1mЬ[0mЬ[1mЮ[47mЬ[0mЬЬ[1;47mЬ[40mЭ[0mЬ[1mЬ[0m [1;47mЬ[40mЫ[0m   Ю[1;47m°±[40mЫ[47mІ° [30;40mЫЬ[0mЬЬЫююЯ  ЬЯІ°   ЬЯЯ[1;30mЬ[0m
ЮЭ  [1mЮ[0m [1mЬЬ[0mЫЫЫЬЯюЬ  ЮЫ  Ю[1;47mІ[40mЫ[0mЫЯЯ      ю[1mЫЬ[47mЫ[0mЬ[1;47mЬЯЯЬ[0mЬ[1mЫЬЫю[0m      ЯЯ[1;47m±І°[0mЭ  [1;30;47mЭ[0mЭ  ЬюЯЬЫ[1;47mІЬ[0mЬЬ Э  Ю[1;30mЭ[0m [1mЯ[47mЬЬІ[0mЫЯЯ[1;30mЯЫЬЬ[0mЬЬЬЯЬ [1m°[30mЭ[0m  [1mЫ[30;47mЯ[40mЬ[0m  [1;30mЬ[47mЯ[0mЯ     Я[1;30mЯ[0mЬЯ[1;30mЬ[0mЯЬю[1;30mЯ[0mЯ     Я[1;30;47mЯ[40mЬ[0m  [1;30mЬ[47mЯ[37;40mЫ[0m  [1;30mЮ[37m°[0m ЬЯЬЬЬЬЬЫЯЯЯ[1;47mЯ[30m±І[40mЫЯ[0m
     [1;30mЬЫЫЫ[47mІ[0mЯЯЬююЯЯЫ [1;30;47mЮ[0m   [1mЯІ[47mЬ[0mІЯ  Ь[1;30mЯ[0m°І[1mЬ[0mЯ[1;30mЯ[0m      [1;30mЯ[0mЯ[1mЬ[0mІ°[1;30mЯ[0mЬ  ЯІ[1;47mЬ[40mІЯ[0m   [1;30;47mЭ[0m ЫЯЯююЬЯ[1;30mЯ[47mІ±° [0mЬ
     [1;30mЬ[0m   [1;30;47mІ[0m Ь[1;47m°[0m     °Ю[1;30mЭ[0m       Ь[1;30mЯ[0mЬ[1mІЯ[0m        [1m.[0m     [1mЯІ[0mЬ[1;30mЯ[0mЬ       [1;30mЮЭ[0m°Э     [1;47m°[0mЬ [1;30;47mІ[0m  Ь
    Я Ь[1;30mЯ[0mЯ Ю[1;47m±Я[30m [0m Ь[1;47mЬ[0mЫ [1mІ[30;47mЮ[0m [1;30mЮЬ[0m  Ь[1;30mЯ[0m [1mІЯ[0m        [1;30mЬЯ[37mЬЯ[0mЯЬ    [1mЯІ[0m [1;30mЯ[0mЬ  [1;30mЬЭ[0m [1;30;47mЭ[37;40mІ[0m ЬЫ[1;47mЬ[0mЬ Ы[1;47mЯ±[0mЭ Я[1;30mЬ[0m Я
    юЯ [1;30mЬ[0mЬ [1;47mЮІІ[0m [1;47m°ІІ[40mЫ[30;47m±[0m [1;47mЭ[30mЮ[0m   [1;30;47mЯ[0m [1mЯ[47m±[30;40mЭ[0m        [1;30mЮ[0m [1;47mЮ[40mЭ[0m  [1;30mЮ[0mЭ    [1;30mЮ[37;47m±[40mЯ[0m [1;30;47mЯ[0m   [1;30;47mЭ[37mЮ[0m [1;30;47m±[0mЫ[1mЫ[47mІІ°[0m [1;47mІІЭ[0m Ь Я[1;30mю[0m
         Ю[1mЫ[47mЫЭ[0mЫ[1;30;47m°[37m°±[0mЫ[1;30m   [37;47mЭ[30mІ[40mЯ[47mЯ[0m [1mЯ[47m°[30;40mЭ[0m         [1;30mЭ[0mЮ[1mЫ[0m   [1;30;47mЭ[0m      [1;30mЮ[37;47m°[40mЯ[0m [1;30;47mЯ[40mЯ[47mІ[37mЮ[0m   ЯЫ[1;47m±°[30m°[0mЫ[1;47mЮЫ[40mЫ[0mЭ
          [1mЫ[47mЬ[0mЫ[1;30;47m°±ІІ[0mЫЬ[1;30mюЬ[0m [1;47mЭ[30mЯ[0m [1mЯ[0mЫ[1;30mЭ[0m         [1;30mЮ[0m [1;47mЮ[40mЭ[0m ЬЯ        [1;30mЮ[0mЫ[1mЯ[0m [1;30;47mЯ[37mЮ[0m [1;30mЬю[0mЬ[1;47m°[0mЫ[1;30;47mІІ±°[0mЫ[1;47mЬ[40mЫ[0m
    [1;30m°[0m    Ю[1mЫ[0mЫ[1;30;47m°І[0m   [1;30mЯ[37;47m°Ь[0mЬ[1;30mЯ[37mЮ[0mЭЯЮ[1;30;47mЮ[0m     [1;30mЯюЬЬ[0mЬЬЮ[1mЫю[0mЯ           [1;30;47mЭ[0mЭЯЮ[1mЭ[30mЯ[0mЬ[1;47mЬ°[0mЯ[1;30mЯ[0m   [1;30;47mІ°[0mЫ[1mЫ[0mЭ
         Я [1;30mЯЯ[0m   Ь[1mЫ[0mЬ[1;47mІ°[0mЭ[1;30mЬ[0mЯ [1;30;47m±[40mЭ[0m         [1;30mЮ[0m [1;47mЮ[40mЭ[0m             [1;30mЮ[47m±[0m Я[1;30mЬ[0mЮ[1;47m°І[0mЬЫ[1mЫ[0mЬ   [1;30mЯЯ[0m Я   [1;30m°[0m
    [1;30m°[0m        [1;30mЬ[0m ЯЫЫ[1mЯЬ[0mЫ [1;30;47mЯ[0mЯ °[1;30mЭ[0m      [1;30mНННЭ[0mЮ[1mЫ[30mННН           Ю[0m° Я[1;30;47mЯ[0m Ы[1mЬЯ[0mЫЫЯ [1;30mЬ[0m
    [1;30m°[0m        [1;30mЯЫ[0mЫЬЬ[1mЫ[0mЯ [1;30m°[0mІЯ [1;30;47mЯ[40mЭ[0m       [1;30mД±[0m [1;47mЮ[40mЭ[30mД[0m             [1;30mЮ[47mЯ[0m ЯІ[1;30m°[0m Я[1mЫЬЬ[0mЫ[1;30mЫ[0mЯ        [1;30m°[0m
    [1;30m°[0m         [1;30mЬ[0mЬЫЯЯ [1;30m°[0m Ю[1mЯ[0m Ю[1;30;47mЮ[0m   ЬЯ[1mЯЯ[47mЯ[40mЬ[0mЮ[1mЫ[0m       юЯ[1mЯЯЬ[0m   [1;30;47mЭ[0mЭ [1mЯ[0mЭ [1;30m°[0m ЯЯ[1;47mІ[0mЬЬ         [1;30m°[0m
    [1;30m°[0m [1;30m°°°°°°°°[0mЫ[1;30m°[0mЬ[1;30m° °[47mІЫ[40m [0mЫ[1mЯ [30;47m°[40mЭ[0m ЮЭ   [1;30m±[0mЯ[1;47mІ[40mЭ[0mЬ          [1mЮЭ[0m [1;30mЮ[47m°[37;40m Я[0mЫ[1;30m [47mЫІ[40m°[0m [1;30m°[0mЬ[1;47m°°[40mЭ[30m°°°°°°°[0m [1;30m°[0m
    [1;30m°[0m [1;30m±±±±±±±±Я[0mЫЬю[1;30m°±[47m°Ю[40mЭ[0m Ы[1mЯ[0m [1;30;47mІ[40mЭ Я[0;5mю[0mЬ[1;30;47mЯ[0mІ[1;47mЬ[40mЯ Я[47mю[40mЬ[0mЬ      [1mЬЯ[30m Ю[47mІ[0m [1mЯ[0mЫ [1;30mЮ[47mЭ°[40m±°[0mюЬЫ[1mЯ[30m±±±±±±±±[0m [1;30m°[0m
    [1;30m°[0m [1;30m±±±±±±±±±±±± Ю[0mЭ[1;30;47mЬЯ[0mю Ы[1mЯ [30;47m±[0m   [1;30mЯЯЯ     [0mЯ[1mЯЫІІІІЯ  [30mЮ[47m±[37;40m Я[0mЫ ю[1;30;47mЯЬ[0mЮ[1;30mЭ[0m [1;30m±±±±±±±±±±±±[0m [1;30m°[0m
    [1;30m±[0m [1;30m±±±±±±±±±±±±±ЯЫ[0mЬЯ[1;47mІ[0m  Ы[1mЯ [30;47m°[40mЭ[0m                  [1;30mЮ[47m°[37;40m Я[0mЫ  [1;47mІ[0mЯЬ[1;30mЫЯ±±±±±±±±±±±±±[0m [1;30m°[0m
    [1;30m±[0m [1;30m±±±±±±±±±±±±[47mЯ[0;5mю[0;1;30m°[0mЯ[1;30;47m°[0mЮ[1;47mІ[40m  [0mЫ[1mЯ [47m°[0mЬ      [1;30mLZRS      [0mЬ[1;47m°[40m Я[0mЫ  [1;47mІ[0mЭ[1;30;47m°[0mЯ[1;30m°[0;5mю[0;1;30;47mЯ[40m±±±±±±±±±±±±[0m [1;30m±[0m
    [1;30m±[0m [1;30mІІІІІІ [0mюЬ[1;30mЯІІ±[37m Ь[0mЬ[5mЯ[0;1;30mЬЯ[0mЯ[1;30mЬ [0mЯ[1;47mЯ[40m [0mЬЯ[1mЬ[0mЬ          Ь[1mЬ[0mЯЬ[1m [47mЯ[0mЯ[1;30m Ь[0mЯ[1;30mЯЬ[47mЬ[0mЬ[1mЬ [30m±ІІЯ[0mЬю[1;30m ІІІІІІ[0m [1;30m±[0m
    [1;30m±[0m [1;30mІІ [0mЬ[1;30mІІІЭ[0m±[1;30mІ[37mЫЬЬ[47mЯ[30mЬ[40mЯЬ[47m°[0;5mю[0;1;30;47mЯ[40mЬ[0mЯ[1;30mЬ Я[0mЬЬюЯ[1mЯ[47mю[40mЬ[0mЬЬЬЬ[1mЬ[47mю[40mЯ[0mЯюЬЬ[1;30mЯ Ь[0mЯ[1;30mЬ[47mЯ[0;5mю[0;1;30;47m°[40mЬЯ[47mЬ[37mЯ[40mЬЬЫ[30mІ[0m±[1;30mЮІІІ[0mЬ[1;30m ІІ[0m [1;30m±[0m
    [1;30m±[0m [1;30mІІ [0mЫ[1;47m°[0mЬ[1;30mІІ[0mЯ[1;30mІ[0mЬЯЯ[1;30mЯЬ[47mЯ[0mЯ  [1;30mЯ[47m±Я[40mЬЯю Я[47mІЬ[0mЬ[1mЬЬ[0m [1mЯЯ[0m [1mЬЬ[0mЬ[1;30;47mЬІ[40mЯ юЯЬ[47mЯ±[40mЯ[0m  Я[1;30;47mЯ[40mЬЯ[0mЯЯЬ[1;30mІ[0mЯ[1;30mІІ[0mЬ[1;47m°[0mЫ[1;30m ІІ[0m [1;30m±[0m
    [1;30mІ[0m [1;30mІІЭ[0mЮ[1;47m±°[0mІ[1;30mЯІ[0mЯ[1;30mІІ[0m±Ю[5mЯ[0;1;30mЬ[0;5mЬюЯ[0m°Ю[1;30mЭ[0mЫЯЬю[1mюЬ[0mЮЭ[1;47mЭ[40mЮ[0mЭЯЯЮ[1mЭ[47mЮ[0mЮЭ[1mЬю[0mюЬЯЫ[1;30mЮ[0mЭ°[5mЯюЬ[0;1;30mЬ[0;5mЯ[0mЭ±[1;30mІІ[0mЯ[1;30mІЯ[0mІ[1;47m°±[0mЭ[1;30mЮІІ[0m [1;30m±[0m
    [1;30mІ[0m [1;30mІІІ[0mЮ[1;47mІ±[0m°ЫЫЫЬ[1;30mЫЭ[0;5mЭЬ[0mЯ[1;30m±±[47mЬ[40m±[0mЫ[1;5mЭ[0;1;30;47mЭ[0mІ[1m Ью[0mЮЭЫЮ[1mЭ[30m [36mxv[30m [37mЮ[0mЭЫЮЭ[1mюЬ [0mІ[1;30;47mЮ[5;37;40mЮ[0mЫ[1;30m±[47mЬ[40m±±[0mЯ[5mЬЮ[0;1;30mЮЫ[0mЬЫЫЫ°[1;47m±І[0mЭ[1;30mІІІ[0m [1;30mІ[0m
    [1;30mІ[0m [1;30mІІІІ[0mЯ[1;47mІ[40mЫЬ[0mЬЫЫ[1;30;47mЮ[5;37;40mЮ[0;5mЮ[0;1;30;47mЮ[40mІЬ [0mЬюЬ[1;30mІІ[0mІ[1m  [0mЯ[1;30mЯ[0mЮІ[1;30mЮ[0mІююююІ[1;30mЭ[0mІЭ[1;30mЯ[0mЯ  І[1;30mІІ[0mЬюЬ[1;30m ЬІ[47mЭ[0;5mЭ[1mЭ[0;1;30;47mЭ[0mЫЫЬ[1mЬЫ[47mІ[0mЯ[1;30mЬІІІ[0m [1;30mІ[0m
    [1;30;47mІ[0m [1;30mІІІІІІ[0mЯ[1mЯЯЯ[0mЯЫ[1;30m Я[37;47m [0mЬ ЮЬюЮЭ[1;30mЯ[0m [1mЯюююЯ[30mЯ І юю І Я[37mЯюююЯ[0m [1;30mЯ[0mЮЭюЬЭ Ь[1;47m [30;40mЯ [0mЫЯ[1mЯЯЯ[0mЯ[1;30mІІІІІІ[0m [1;30mІ[0m
    [1;30;47m±[0m [1;30;47mЫЫЫЫЫЫЫЫЫЫЫЫ[40mЫ[0;5;30mwa[0mЯюЬЬЬЯ[1;30mЬЫЫЬЬЬЬЫЫЫ° ЯЯ ° ЫЫЬЬЬЫЫЫЬ[0mЯЬЬЬюЯ[1;30mЬ[0;5;30mtk[0;1;30mЫ[47mЫЫЫЫЫЫЫЫЫЫЫ[0m [1;30;47mІ[0m
    ЫЬЯЯ ЯЯ[1;30mЯ[0m Я[1;30mЯ[0m   [1;30mЯ[0m   [1;30mЬІІЬЬЬЬЬЬЬЬЬЬЬЬЬЬІІЬЬЬЬЬЬЬЬЬЬЬЬЬІІЬЬЬЬЬЬЬЬЬЬЬЬЬЬЬЬЬ[0mюЬЫ
    Ы ЬЫЫЫЫЫЫЫЫЫЫЫЫЫЫЫЫЫЫЫЫЫЫЫЫЫЫЫЫЫЫЫЫЫЫЫЫЫЫЫЫЫЫЫЫЫЫЫЫЫЫЫЫЫЫЫЫЫЫЫЫЫЫЫЫЫЫЬ Ы
   [30;47mЭЮ[37;40m ЫЫЫЫЫ[30;47m           THE LAZARUS [1;33mQUINCEAҐERA [0;30;47mCOURT OF HONOUR       [37;40mЫЫЫЫЫЫ[30;47mЫЭЮ[37;40m
    Ы ЯЫЫЫЫЫЫЫЫЫЫЫЫЫЫЫЫЫЫЫЫЫЫЫЫЫЫЫЫЫЫЫЫЫЫЫЫЫЫЫЫЫЫЫЫЫЫЫЫЫЫЫЫЫЫЫЫЫЫЫЫЫЫЫЫЫЫЯ Ы
    Ы [1;30mюююююююююююююююююююююююююююююююююююююююююююююююююююююююююююююююююююю[0m Ы
    ЫД[1;30;47mЯЯЯЯЯЯЯЯЯЯЯЯЯЯЯЯЯЯЯЯЯЯЯЯЯЯЯЯЯЯЯЯЯЯЯЯЯЯЯЯЯЯЯЯЯЯЯЯЯЯЯЯЯЯЯЯЯЯЯЯЯЯЯЯЯЯЯЯ[0mДЫ
    Ы[30;47mі[37;40mЫ[30;47m [37;40mЫЫ[47mЯ[40mЫ[47mЯЯЯЯЯЯ[40mЫ[47mЯЯЯЯ[30m      [37;40mЫЫЫЫЫЫЫЫЫЫЫЫЫЫЫЫЫЫЫ[47mЯЯ[30m [37mЯЯЯЯ[40mЫ[47mЯЯЯЯЯ[40mЫ[47mЯЯЯЯЯЯЯЯЯЯ[30m  і[37;40mЫ
    Ы ЫЫЫЫЫЫЫЫЫЫЫЫЫЫЫЫЫЫЫЫЫЫЫЫЫЫЫЫЫЫЫЫЫЫ[30;47m   [37;40mЫЫЫЫЫЫЫ[30;47m [37;40mЫЫЫЫЫЫЫЫЫЫЫЫЫЫ[30;47m      [37;40mЫЫЫ Ы
    Ы ЫЫЫЫЫЫ[30;47mEl Vaquero . . . . . . . . . . . .[37;40mЫ[30;47m.[37;40mЫ[30;47m. .[37;40mЫ[30;47m. . . [37;40mЫ[1;36;47mAbstrakt[37m [0;31;47m*[37;40mЫЫ[31;47m [37;40mЫ Ы
    Ы ЫЫЫЫЫЫ[30;47m                        [37;40mЫЫЫЫ[30;47m   [37;40mЫЫЫЫЫЫЫ[30;47m [37;40mЫЫЫЫЫЫЫЫЫЫЫЫЫЫЫЫЫЫЫЫЫЫЫ Ы
    Ы ЫЫЫЫЫЫ[30;47mEl Matador   . . . . . . . . . . .[37;40mЫ[30;47m.[37;40mЫ[30;47m.[37;40mЫ[30;47m.[37;40mЫ[30;47m [1;36mDiscofunk 1974[37m [0mЫЫЫЫЫ Ы
    Ы ЫЫЫЫЫЫ[30;47m                        [37;40mЫЫЫЫ[30;47m   [37;40mЫЫЫЫЫЫЫ[30;47m [37;40mЫЫЫЫЫЫЫЫЫЫЫЫЫЫЫЫЫЫЫЫЫЫЫ Ы
    Ы ЫЫЫЫЫЫ[30;47mEl Administrador del Sistema . .[37;40mЫ[30;47m.[37;40mЫ[30;47m.[37;40mЫ[30;47m. . . . . .[1;37m  [36mFlewid[37m [0mЫЫЫЫЫ Ы
    Ы ЫЫЫЫЫЫ[30;47m                        [37;40mЫЫЫЫ[30;47m   [37;40mЫЫЫЫЫЫЫ[30;47m [37;40mЫЫЫЫЫЫЫЫЫЫЫЫЫЫЫЫЫЫЫЫЫЫЫ Ы
    Ы ЫЫЫЫЫЫ[30;47mEl Fotografo . . . . . . . . . . . . . . . . . .[37;40mЫ[1;36;47mHarvest[37m [0;31;47m*[1;37m [0mЫ[31;47m [37;40mЫ Ы
    Ы ЫЫЫЫЫЫ[30;47m                        [37;40mЫЫЫЫ[30;47m   [37;40mЫЫЫЫЫЫЫ[30;47m [37;40mЫЫЫЫЫЫЫЫЫЫЫЫЫЫЫЫЫЫЫЫЫЫЫ Ы
    Ы ЫЫЫЫЫЫ[30;47mChambelane Mejor . . . . . . . . . . . . . . .[37;40mЫ[1;47m [36mHennifer[37m [0mЫЫЫЫЫ Ы
    Ы ЫЫЫЫЫЫ[30;47m                        [37;40mЫЫЫЫ[30;47m   [37;40mЫЫЫЫЫЫЫ[30;47m [37;40mЫЫЫЫЫЫЫЫЫЫЫЫЫЫЫЫЫЫЫЫЫЫЫ Ы
    Ы ЫЫЫЫЫЫ[30;47mEl Dentista  . . . . . . . . . . .[37;40mЫ[30;47m.[37;40mЫ[30;47m. . . .[37;40mЫЫ[1;36;47mknocturnal[37m [0mЫЫЫЫЫ Ы
    Ы ЫЫЫЫЫЫ[30;47m                        [37;40mЫЫЫЫ[30;47m   [37;40mЫЫЫЫЫЫЫ[30;47m [37;40mЫЫЫЫЫЫЫЫЫЫЫЫЫЫЫЫЫЫЫЫЫЫЫ Ы
    Ы ЫЫЫЫЫЫ[30;47mEl Luchador  . . . . . . . . . . .[37;40mЫ[30;47m.[37;40mЫ[30;47m. . . . .[37;40mЫ[1;36;47mLuminator[37m [0mЫЫЫЫЫ Ы
    Ы ЫЫЫЫЫЫ[30;47m                        [37;40mЫЫЫЫ[30;47m   [37;40mЫЫЫЫЫЫЫ[30;47m [37;40mЫЫЫЫЫЫЫЫЫЫЫЫЫЫЫЫЫЫЫЫЫЫЫ Ы
    Ы ЫЫЫЫЫЫ[30;47mEl Cura  . . . . . . . . . . . . .[37;40mЫ[30;47m.[37;40mЫ[30;47m [1;36mMel Farr Suppastar[0mЫЫЫЫЫЫ Ы
    Ы ЫЫЫЫЫЫ[30;47m                        [37;40mЫЫЫЫ[30;47m   [37;40mЫЫЫЫЫЫЫ[30;47m [37;40mЫЫЫЫЫЫЫЫЫЫЫЫЫЫЫЫЫЫЫЫЫЫЫ Ы
    Ы ЫЫЫЫЫЫ[30;47mEl Cocinero  . . . . . . . . . . .[37;40mЫ[30;47m.[37;40mЫ[30;47m. .[37;40mЫ[30;47m.[37;40mЫ[30;47m.[37;40mЫ[30;47m.[37;40mЫ[30;47m.[37;40mЫ[30;47m [1;36mNitron[0mЫ[31;47m*[37;40mЫЫ[31;47m [37;40mЫ Ы
    Ы ЫЫЫЫЫЫ[30;47m                        [37;40mЫЫЫЫ[30;47m   [37;40mЫЫЫЫЫЫЫ[30;47m [37;40mЫЫЫЫЫЫЫЫЫЫЫЫЫЫЫЫЫЫЫЫЫЫЫ Ы
    Ы ЫЫЫЫЫЫ[30;47mDama Mejor . . . . . . . . . . . . . . .[37;40mЫ[30;47m.[37;40mЫ[30;47m.[37;40mЫ[30;47m.[37;40mЫЫ[1;36;47mPinguino[37m [0mЫЫЫЫЫ Ы
    Ы ЫЫЫЫЫЫ[30;47m                        [37;40mЫЫЫЫ[30;47m   [37;40mЫЫЫЫЫЫЫ[30;47m [37;40mЫЫЫЫЫЫЫЫЫЫЫЫЫЫЫЫЫЫЫЫЫЫЫ Ы
    Ы ЫЫЫЫЫЫ[30;47mReina de Reinas  . . . . . . . . . . . .[37;40mЫ[30;47m.[37;40mЫ[30;47m.[37;40mЫ[30;47m.[37;40mЫ[30;47m.[37;40mЫ[30;47m.[37;40mЫЫ[1;36;47mQuip[0mЫЫЫЫЫЫ Ы
    Ы ЫЫЫЫЫЫ[30;47m                        [37;40mЫЫЫЫ[30;47m   [37;40mЫЫЫЫЫЫЫ[30;47m [37;40mЫЫЫЫЫЫЫЫЫЫЫЫЫЫЫЫЫЫЫЫЫЫЫ Ы
    Ы ЫЫЫЫЫЫ[30;47mPadrino  . . . . . . . . . . . . . . . [1;36mThe Silent Killer[37m [0mЫЫЫЫЫ Ы
    Ы ЫЫЫЫЫЫ[30;47m                        [37;40mЫЫЫЫ[30;47m   [37;40mЫЫЫЫЫЫЫ[30;47m [37;40mЫЫЫЫЫЫЫЫЫЫЫЫЫЫЫЫЫЫЫЫЫЫЫ Ы
    Ы ЫЫЫЫЫЫ[30;47mCampeўn de Peso Pluma  .[37;40mЫ[30;47m.[37;40mЫ[30;47m. . .[37;40mЫ[30;47m.[37;40mЫ[30;47m.[37;40mЫ[30;47m. . .[37;40mЫ[30;47m.[37;40mЫ[30;47m.[37;40mЫ[1;36;47msIMONkING[37m [0mЫЫЫЫЫ Ы
    Ы ЫЫЫЫЫЫ[30;47m                        [37;40mЫЫЫЫ[30;47m   [37;40mЫЫЫЫЫЫЫ[30;47m [37;40mЫЫЫЫЫЫЫЫЫЫЫЫЫЫЫЫЫЫЫЫЫЫЫ Ы
    Ы ЫЫЫЫЫЫ[30;47mEl Caballero . . . . . . . . . . . . . .[37;40mЫ[30;47m.[37;40mЫ[30;47m.[37;40mЫЫ[1;36;47mThe Knight[37m [0;31;47m*   [37;40mЫ Ы
    Ы ЫЫЫЫЫЫ[30;47m                        [37;40mЫЫЫЫ[30;47m    [37;40mЫЫЫЫЫЫ[30;47m [37;40mЫЫЫЫЫЫЫЫЫЫЫЫЫЫЫЫЫЫЫЫЫЫЫ Ы
    Ы ЫЫЫЫЫЫ[30;47mMadrina  . . . . . . . . . . . . . . .[37;40mЫ[30;47m.[37;40mЫ[30;47m.[37;40mЫ[30;47m.[37;40mЫ[30;47m.[37;40mЫ[30;47m.[37;40mЫ[30;47m [1;36mwarpus[0mЫЫЫЫЫЫ Ы
    Ы ЫЫЫЫЫЫЫЫЫ[30;47m                        [37;40mЫЫЫЫЫЫЫЫЫЫЫ[30;47m [37;40mЫЫЫЫЫЫЫЫЫЫЫЫЫЫЫЫЫЫЫЫЫЫЫ Ы
    Ы ЫЫЫЫЫЫЫЫЫ[30;47m                        [37;40mЫЫЫЫЫЫЫЫЫЫЫ[30;47m [37;40mЫЫЫЫЫЫЫЫЫЫЫЫЫЫЫЫЫЫЫЫЫЫЫ Ы
    Ы ЫЫЫЫЫЫЫЫЫЫЫЫЫЫЫЫЫЫЫЫЫЫЫЫЫЫЫЫЫЫЫЫЫЫЫЫЫЫЫЫЫЫЫЫЫЫЫЫЫЫЫЫЫЫЫЫЫЫЫЫЫЫЫЫЫЫЫЫ Ы
    Ы [30;47mАДДДДДДДДДДДДДДДДДДДДДДДДДДДДДДДДДДДДДДДДДДДДДДДДДДДДДДДДДДДДДДДДДДЩ[37;40m Ы
    Ы ЫЫЫЫЫЫЫЫЫЫ[31;47m             [30m           [37;40mЫЫЫЫЫЫЫЫЫ[31;47m [30m          VЎrgenes[37;40mЫ[31;47m*[37;40mЫЫЫЫ Ы
    Ы ЫЫЫЫЫЫЫЫЫЫЫЫЫЫЫЫЫЫЫЫЫЫЫЫЫЫЫЫЫЫЫЫЫЫЫЫЫЫЫЫЫЫЫЫЫЫЫЫЫЫЫЫЫЫЫ[30;47m  [37;40mЫЫЫЫЫЫЫЫЫЫЫ Ы
    ЫЬЯЯ ЯЯ[1;30mЯ[0m Я[1;30mЯ[0m   [1;30mЯ[0m   [1;30mЬІІЬЬЬЬЬЬЬЬЬЬЬЬЬЬЬЬЬЬЬЬЬЬЬЬЬЬЬЬЬІІЬЬЬЬЬЬЬЬЬЬЬЬЬЬЬЬЬ[0mюЬЫ
    Ы ЬЫЫЫЫЫЫЫЫЫЫЫЫЫЫЫЫЫЫЫЫЫЫЫЫЫЫЫЫЫЫЫЫЫЫЫЫЫЫЫЫЫЫЫЫЫЫЫЫЫЫЫЫЫЫЫЫЫЫЫЫЫЫЫЫЫЫЬ Ы
   [30;47mЭЮ[37;40m ЫЫЫЫЫ[30;47m                 EL LOUNGE DEL VISITANTE                 [37;40mЫЫЫЫЫЫ[30;47mЫЭЮ[37;40m
    Ы ЯЫЫЫЫЫЫЫЫЫЫЫЫЫЫЫЫЫЫЫЫЫЫЫЫЫЫЫЫЫЫЫЫЫЫЫЫЫЫЫЫЫЫЫЫЫЫЫЫЫЫЫЫЫЫЫЫЫЫЫЫЫЫЫЫЫЫЯ Ы
    ЫД[1;30mЬЬЬЬЬЬЬЬЬЬЬЬЬЬЬЬЬЬЬЬЬЬЬЬЬЬЬЬЬЬЬЬЬЬЬЬЬЬЬЬЬЬЬЬЬЬЬЬЬЬЬЬЬЬЬЬЬЬЬЬЬЬЬЬЬЬЬЬ[0mДЫ
    Ы ЫЫЫЫЫЫЫЫЫЫЫ[30;47m [37;40mЫЫЫЫЫЫЫЫЫЫЫЫЫЫЫЫЫЫЫЫЫЫЫЫЫЫЫЫЫЫЫЫЫЫЫЫЫЫЫЫЫЫЫЫЫЫЫЫЫЫЫЫЫЫЫЫ Ы
    Ы ЫЫЫЫЫЫЫЫЫЫЫЫЫЫЫЫЫЫЫЫЫЫЫЫЫЫЫЫЫЫЫЫЫЫЫЫЫЫЫЫЫЫЫЫЫЫЫЫЫЫЫЫЫЫЫЫЫЫЫЫЫЫЫЫЫЫЫЫ Ы
    Ы ЫЫЫЫЫЫ[30;47mEl Farmac‚utico [37;40mЫ[30;47m. . . . . . . . . . . . . . . .[37;40mЫ[1;47mTainted[33m [0mЫЫЫЫЫ Ы
    Ы ЫЫЫЫЫЫЫЫЫЫЫЫЫЫЫЫЫЫЫЫЫЫЫЫЫЫЫЫЫЫЫЫЫЫЫЫЫЫЫЫЫЫЫЫЫЫЫЫЫЫЫЫЫЫЫЫЫЫЫЫЫЫЫЫЫЫЫЫ Ы
    Ы ЫЫЫЫЫЫ[30;47mEl Enigma[37;40mЫЫ[30;47m.[37;40mЫ[30;47m.[37;40mЫ[30;47m.[37;40mЫ[30;47m. . . . . . . . . . . . . . . [1;37mNot Filth[0;30;47m [37;40mЫЫЫЫЫ Ы
    Ы ЫЫЫЫЫЫЫЫЫЫЫЫЫЫЫЫЫЫЫЫЫЫЫЫЫЫЫЫЫЫЫЫЫЫЫЫЫЫЫЫЫЫЫЫЫЫЫЫЫЫЫЫЫЫЫЫЫЫЫЫЫЫЫЫЫЫЫЫ Ы
    Ы ЫЫЫЫЫЫ[30;47mEl Co¤o  . . .[37;40mЫ[30;47m.[37;40mЫ[30;47m. . . . . . . . . . . . . . . . . .[1;37m Avg[0mЫЫЫЫЫЫ Ы
    Ы ЫЫЫЫЫЫЫЫЫЫЫЫЫЫЫЫЫЫЫЫЫЫЫЫЫЫЫЫЫЫЫЫЫЫЫЫЫЫЫЫЫЫЫЫЫЫЫЫЫЫЫЫЫЫЫЫЫЫЫЫЫЫЫЫЫЫЫЫ Ы
    Ы ЫЫЫЫЫЫ[30;47mCampeўn de Campeўnes . . . . . . . . . . . . . . .[37;40mЫ[1;47mNecro[0mЫЫЫЫЫЫ Ы
    Ы ЫЫЫЫЫЫЫЫЫЫЫЫЫЫЫЫЫЫЫЫЫЫЫЫЫЫЫЫЫЫЫЫЫЫЫЫЫЫЫЫЫЫЫЫЫЫЫЫЫЫЫЫЫЫЫЫЫЫЫЫЫЫЫЫЫЫЫЫ Ы
    Ы ЫЫЫЫЫЫ[30;47mEl[37;40mЫ[30;47mEncantador[37;40mЫЫ[30;47m.[37;40mЫ[30;47m.[37;40mЫ[30;47m.[37;40mЫ[30;47m. . . . . . . . . . . . . [1;37mGrymmjack [0mЫЫЫЫЫ Ы
    Ы ЫЫЫЫЫЫ[1;30;47m                                                         [37m [0mЫЫЫЫ Ы
    Ы ЫЫЫЫЫЫ[30;47mEl Pierro Rabioso  . . . . . . . . . . . . . . .  [1;37mMadDog[0mЫЫЫЫЫЫ Ы
    Ы ЫЫЫЫЫЫЫЫЫ[30;47m                        [37;40mЫЫЫЫЫЫЫЫЫЫЫ[30;47m [37;40mЫЫЫЫЫЫЫЫЫЫЫЫЫЫЫЫЫЫЫЫЫЫЫ Ы
    Ы ЫЫЫЫЫЫ[30;47mUltimo Dragўn[37;40mЫЫ[30;47m.[37;40mЫ[30;47m.[37;40mЫ[30;47m.[37;40mЫ[30;47m. . . . . . . . . . . . .[37;40mЫЫ[1;47mSpinsane[0mЫЫЫЫЫЫ Ы
    Ы ЫЫЫЫЫЫЫЫЫЫЫЫЫЫЫЫЫЫЫЫЫЫЫЫЫЫЫЫЫЫЫЫЫЫЫЫЫЫЫЫЫЫЫЫЫЫЫЫЫЫЫЫЫЫЫЫЫЫЫЫЫЫЫЫЫЫЫЫ Ы
    Ы ЫЫЫЫЫЫЫЫЫЫЫЫЫЫЫЫЫЫЫЫЫЫЫЫЫЫЫЫЫЫЫЫЫЫЫЫЫЫЫЫЫЫЫЫЫЫЫЫЫЫЫЫЫЫЫЫЫЫЫЫЫЫЫЫЫЫЫЫ Ы
    Ы ЫЫЫЫЫЫЫЫЯЯЯЯІІ[30;47mю[37;40mЫІЫЫЫЫЫЫЫЫЫЫЫЫЫЫЫЫЫЫЫЫЫЫЫЫЫЫЫІЫЫЫЫЫЫЫЫЫЫЫЫЫЫЫЫЫЫЫЫЫЫЫ Ы
    І ЫЫЫЯЯ[1m   [0mЬЬЫЫЫЫЫЫЫЫЫЫЫЫЫЫЫЫЫЫЫЫЫЫЫЫЫЫЫЫЫЫЫЫЫЫЫЫЫЫЫЫЫЫЫЫЫЫЫЫЫЫЫЫЫЫЫЫЫЫ І
    ± ЫЯ [1mЬю [0mЬЫЫІІІЫЫЫЫЫЫЫЫЫЫЫЫЫЫЫЫЫЫЫЫЫЫЫЫЫЫЫЫЫЫЫЫІЫЫЫЫЫЫЫЫЫЫЫЫЫЫЫІІЯЯЫЫЫЫ °
    °  [1mЬЯ[47mЫ[0m ЬЫЫЫЫ[1;47m°[0mЯ ЯЯ ЯЫЫІЯ ЯЫЫЫЫЫЫЫЫІІЯ ЯЫЫЫЫЯЯ[1;30m  [0m±ЫЫЯ[1;30m  [0mЯ  ЯЫЫЫ[1;47m°°[0mЫЯ [1;30mю[0m І[1;47m°[0mЫЯ
     [1mЬЫ[30m  [37;47mЫ[0m ±[1;47m°[0mЫ[1;47mю[0mЯ Ь[1;47mЬ[0m  [1mЯЬ[0m Я± [1mЯЬ[30m [0mЯ[1;47m°° [0mЫЫЫЯ Ь[1;47mЬ[40m  [0mЯЯ Ь[1;47mЬ[40mЯ[0m °Я[1;30m [37mЬЯ[0m   [1mЯЬ[0m Я[1;47m±±[0mЯ[1;30mЬЯ[37mЬЯ[0m ±Я [1mЬЯ[0m
° °°  [1;47mЫ[0m  [1;47mЫ[0m ±[1;47mЬЯ[0mЯ[1;30m°[37;47m°ІЫЬ[0mЬ°[1;47mЫЬ[0mЬ  °[1;47mЫЬ[0mЬ[1;30m [0mЯ[1;47mЯЬю[0mЯ[1;30m°[37;47m°ІЫЬ[40mЬ[0m [1mЬ[47mЬ[40mЯ[47mЫ[40m   [0mЬ[1;47mЬЫ[0m°°  °[1;47mЫЬ[0mЬ[1;30m [0m°[1;30m [0mЬ[1;47mЬЫ[0m° °Ь[1;47mЬЫ[0m°°° °
    ° [1;47mЫ[0m  [1;47mЫ[0m °Я Ь[1;47mЬ[40mЬ   [47mЫ[0m [1;47mІ[0m [1mЯ[47mЬ[40mЬЬ[47mЫ[0m [1mЯ[47mЬ[0mЬ Я[1;30m [0mЬ[47mЬ[1;40mЬ   [47mЫ[0m [1mІ[0m  [1;47m±[40mЬЬ[47mЬ[40mЯ[0m [1;47mІ[0m ЯЬ  [1;47mЫЬ[0mЬЯ[1;30m [37;47mЬ[40mЯ[0m [1;47mЫ[40mЬЬ[47mЬ[40mЯ[0m [1mЫ[0m
    ° [1;47mЫ[0m  [1;47mЫ[0m   [1mЬ[47mЯ[0mЯ [1m°[0m  [1;47mЫ[0m [1mЫ[0mЬ [1mЫ[0m Я[1;47mЫ[0m  [1mЫ[0mЭ  Ь[1;47mЬ[40mЯ[0m [1m°[0m  [1;47mЫ[0m [1mІ[0m  [1;47mІ[40mЯ[0mЯ[1mЫ[0m [1;30mЬ[37;47m±[0m  [1;47mЫ[0m  [1;47mЫ[0m [1mЯ[47mЬ[30;40m [37;47mЫ[0m  [1;47mЫ[0mЯ [1mЫ[0m [1;30mЬ[37mЫ[0m °
    ° [1;47mІ[0m  [1;47mІ[30;40m [0mЬ[1mЯ[0mЯ Ь [1m±[0m  [1;47mІ[0m [1mЯЬ[30mЯ[37;47mІ[30;40m  [37;47mІ[30;40m  [37mЫ[0mЭ[1;30m [0mЯ[1mЯ[0m Ь [1m±[0m  [1;47mЫ[0m [1;47mЫ[0m  [1;47mЫ[0m  [1mЫ[0mЯ[1mЬЯ[0m  [1;47mЫ[0m  [1;47mЫ[0m  [1;47mЫ[30;40m [37;47mЫ[0m  [1mІ[0m  [1;47mІ[0mЯ[1mЬЯ[0m °
    ° [1;47mІ[0m  [1;47mІ[30;40m   [0mЫЫІ[1;30m [37mІ[0m  [1;47mІ[0m Ь [1mЯ[47m±[30;40m  [37;47m±[40mЬ[47mЯ[0mЯЯ  ЯЫІ [1mІ[0m  [1;47mЫ[0m [1;47mЫ[0m  [1;47mІ[0m [1m°ЫЯ[0m °  [1;47mЫ[0m  [1;47mІ[0m  [1;47mЫ[30;40m [37;47mЫ[0m  [1m±[0m [1m°[47m±[40mЯ[0m Ы °
  [1;30mю[0m   [1;47mІ[0m  [1;47m±[40m°ЫЬ[0m Я° [1;47m±[0m  [1;47m±[0m ЫЯ Ь[1mЬЯ[0mЯ °°°[1mЬ[0mЬ  ± [1;47mЫ[0m [1;30m°[37;47mІ[0m [1;47mІ[30;40m°[0m [1;47mІ[0m   Ь ±  [1;47mІ[0m  [1;47mІ[0m  [1;47mЫ[30;40m [37;47mЫ[0m  [1m°[0m   ЬЫІ
    [1;30mЯ[0m [1;47m±[0m  [1;47m±[0m [1;47mІ[0mЯ[1;47mЯ[40mЬ[0m  [1;47m±[0m  [1;47m±[0m  Ь[1;47mЬЯ[0m ЬІІЯ  [1;47mЫ[40mЯ[47mЬ[0mЬ  [1;47mЫ[30;40m°°[37;47m±[0m [1;47mІ[30;40m°[0m [1;47mІ[0m ЫЫЫ І [1;30m°[37;47m±[0m  [1;47m±[30;40m°[0m [1;47mІ[0m [1mЯЬ[0m  [1mюЬ[0m  Я±
      [1;47m±[0m  [1;47m±[0m [1;47m±[30;40m°[0m [1;47mІЯ[40mЬ[47m°[30;40m°°[37;47m±[0m [1;47mЬ[40mЯ[0m [1;47mІ[0m ЫЫЬ [1mюЬ[47mІ[30;40m°[0m [1;47mІЬ[0mЬ[1;47mЯ[30;40m±±[37;47m±[0m [1;47m±[30;40m±°[37;47m±[0m ЫЫІ [47mІ[1;30;40m°±[37;47m±[0m  [1;47m±[30;40m±°[37;47m±[30;40m  [0mю[1;47mЯ[40mЬ[0m  [1mЯЬ[30m Ь[0m [1;30mю[0m
    [1;30m°[0m [1;47m±[30;40m °[37;47m°[0m [1;47m±[30;40m±°[37;47m±[0m Я[47m [1;30;40m±±[37;47m°[0m [1;47mІ[30;40m°°[37;47m±[30;40m [0mЫЫЫЫ[1;30m [37mЮ[47m±[30;40m±°[37;47m±[0m [1mЯ[47mІ[30;40m±І[37;47m±[0m [1;47m±[30;40m±±[37;47m±[0m ЫЫ± [1;47m°[30;40m±±[37;47m°[0m  [1;47m°[30;40m±±[37;47m°[30;40m [0mЫЬ Я[1;47mЯ[40mЬ[0m  [1mЯЬ[0m
      [1;47m±[30;40m°°[37;47m°[0m [1;47m±[30;40m±°[37;47m°[0m [1;30mюЬ ю[0mЫ [1;47m±[30;40m±±[37;47m°[0m ІЫЫЫ  [1;47m°[30;40m±±[37;47m°[30;40m  [37;47m±[30;40mІІ[37;47m°[0m [1;47m°[30;40m±І[47m°[0m ЯЫ° Ы[1;30m±І[37;47m°[0m  Ы[1;30m±І[37;47m°[30;40m [0mЫЯ [1;30mЬ[0m Я[1;47mІ[30;40m° [37;47mІ[0m
    [1;30m°[0m [1;47m°[30;40m°°[37;47m°[0m [1;47m°[30;40mІ±[0mЫ   ЯЬЯ [1;47m°[30;40m±І[0;47mЫ[40m ±ЫЯ[1;30m [37m±[0mЭЫ[1;30mІІ[0mЫ[1;30m  [37;47m°[30;40mЫЫ[37;47m°[0m Ы[1;30mІЫ[47mІЬ[0mЬЬ  Ы[1;30mІІ[0mЫ  Ы[1;30mІІ[0;47mЫ[1;30;40m  [0mЬЯ[1;30m   [37;47m±[30;40m°°[37;47m±[0m [1;30m°[0m
    [1;30m±[0m [1;47m°[30;40m°±[37;47m [0m Ы[1;30mІІ[0mЫ Ь [1;30m° [0mЫ І[1;30mІЫ[0;47m [40m ° Ь[1;30;47mЬЫ[0mЭІ[1;30mЫЫ[0mІ[1mЬ[0mЬЫ[1;30;47mЫЫ[0mЫ Ы[1;30;47mЫЫЯ[0mЯ   ЬІ[1;30mЫЫ[0mЫ  Ы[1;30mІЫ[0mЫ[1;30m [0mЫ[1;30m °[0m Ь [1;47m°[30;40m±°[37;47m°[0m
    [1;30m±[0m Ы[1;30m±±[47m [0m І[1;30mЯ[0m ЫЫ Ы[1;30m±°[0mЫ ±[1;30;47mЫЫЫ[0mЫЬЬ[1;30;47mЬЯ[0mЯ±±[1;30;47mЫЯ[0mЯ   Я[1;30;47mЯ[0mІ [1;30;47m Я[0mЯ      ±[1;30;47mЯЫЬ[0mЬЬЫ[1;30;47mЫЫ[0mЫ Ы[1;30m°±[0mЫ  Ы[1;30m±±[0mЫ [1;30m°[0m
    [1;30m±[0m Ы[1;30m±±[47m [0m ±Ь[47mЫ[40mЯ Ь[1;30;47mЬ[40mЫЫ[0;47mЫ[40m °[1;30;47mЯЯ[0mЯ   Я   °Я       Я Я        ° Яю   Я[1;30;47mЯ[0mЯ Ы[1;30m±±[0mЫ[1;30m  [0mЫ[1;30m±±[0mЫ [1;30m±[0m
    [1;30m±[0m Ы[1;30m±І[47m [0m °Я Ь[1;30;47mЬЫЫЯ[0mЯ ЬЯ          [1;30mЬЬЬЬ[0m      [1;30mЬЬ±Ь[0m               ЯЬЯ[1;30m±І[0mЫ  Ы[1;30mІІ[0mЫ [1;30m±[0m
    [1;30mІ[0m Ы[1;30mІІ[47m [0m  Ь[1;30;47mЬЫЫЯ[0mЯ                [1;30mЯЬ[0m [1;30mЯЬ[0m  [1;30mЬЯ[0m [1;30mЬЯ[0m                  Ы[1;30mІЫ[0mЫ[1;30m  [0mЫ[1;30mІІ[0mЫ [1;30m±[0m
    [1;30mІ[0m Ы[1;30mІЫЬ[0mЬ[1;30;47mЬЫЫЯ[0mЯ                    [1;30mЯЬ[0m [1;30mЯЯ[0m [1;30mЬЯ[0m  [1;30m° °°°°°°°°°°°[0m [1;30m° [0mю Я[1;30;47mЯ[40mЫ[47mЫЬ[0mЬ[1;30mЬЫІ[0mЫ [1;30mІ[0m
    [1;30mІ[0m Ы[1;30mЫ[47mЫЫЫ[40mЫ[0mЬЯ  [1;30mю[0m  [1;30mЯ ЯЯЯЫЫЯЫЯЯЬ[0m      [1;30mЬЯ[0m  [1;30mЯЬ[0m      [1;30mЬЯЯЫЯЫЫЯЯЯ   ю   [0mЯЬ[1;30mЫ[47mЫЫ[40mЫЫ[0mЫ [1;30mЫ[0m
    [1;30mЫ[0m Ы[1;30;45mЫЫ[40mЯ[0mЬЯ [1;30mЬ              ЯЬЬІЬ[0m  [1;30mЬЯ[0m [1;30mЬЯЯЬ[0m [1;30mЯЬ[0m  [1;30mЬІЬЬЯ[0m             [1;30mЯ[0m  ЯЬ[1;30mЯ[45mЫЫ[0mЫ [1;30mЫ[0m
    [1;30mЫ[0m Ы[1;30mЯ[0mЬЯ [1;30mЬЯ[0m                    [1;30mЬІЬЬЯ[0m    [1;30mЯЬЬІЬ[0m                    [1;30mЯЬ[0m Ы[1;30mЮ[47mЫ[0mЫ [1;30mЫ[0m
    [1;30mЯЬ[0m Я [1;30mЬЯ  °[0m [1;30m°°°°°°°°°°°°°°°°°[0m [1;30mЬЬЬЬ[0m      [1;30mЬЬЬЬ °°°°°°°°°°°°°°°°°    [0mЬ[1;30;47mЬЫ±[0mЯ[1;30mЬЯ[0m
      [1;30mЯЬЯ[0m                         [1;30mЯЬ[0m [1;30mЯЬ[0m  [1;30mЬЯ[0m [1;30mЬЯ[0m                    ЬЬЫ[1;30;47mЯ[0mЯЯ
                                    [1;30mЯЬ[0m [1;30mЯЯ[0m [1;30mЬЯ[0m                 ю° ЯЯ
                                      [1;30mЯЬЬЯ[0m                          tnt[1;30mL7[0m
                                            [30;47mЫ[37;40mSAUCE00LAZ15MEM                           tnt, wa, tk         lazarus             20220626TW  P ‚      IBM VGA               