[0m
                          ± €€ ≤€€ ≤€≤ €€≤ ≤€€ ≤€€ €€ ±
                          ﬁ≤≤€≤€€≤€€≤€€≤€€€€≤€€€€≤€€≤≤›
                           ﬂ±≤ﬂﬂ≤€€ﬂﬂ≤€€€≤≤±ﬂﬂ≤≤±ﬂﬂ≤±ﬂ
                           ±‹‹±±‹‹‹≤≤‹‹‹‹‹‹‹≤≤‹‹‹≤≤‹‹±
                           ±≤≤€≤€€€€±±±€≤€€±±±±€€€±≤≤±
                           ﬁ≤≤€€€≤≤≤≤€€€€€€€≤≤≤≤€€€≤≤›
                           ﬁ≤≤€≤€€€€€€∞ . €€€€€±±±€≤≤›
                          ∞ﬁ≤≤€≤€€±±±∞ ﬂ‹  ≤≤≤€€€€€≤≤›∞
                          ∞ﬁ≤≤€€€≤≤€€∞ ±≤›∞€€±±±±€€≤≤›∞
                           ﬁ≤≤€≤€€€€ﬂ‹‹‹‹‹‹ﬂ€€≤≤≤≤€≤≤›
                           ﬁ≤≤€≤±±±€‹‹‹‹‹‹‹‹€±±±€€€≤≤›
                           ﬁ≤≤€≤€€≤≤≤≤≤€€±±±€€€€€≤€≤≤›    ‹‹
                      ≤≤±‹ ±≤≤€ﬂ‹‹ﬁ€€€€€€€≤ﬂ‹ﬂ≤€€€€≤≤± ﬂ ﬂ≤≤€
                    ﬁ≤ﬁ€€± ±≤≤›≤›‹‹ﬁ≤≤€€±±±ﬁ≤±ﬁ±±€€≤≤± ±±‹ ±≤ ‹
                 ‹‹‹‹‹ ‹‹  ‹‹ ‹‹    ‹‹‹‹‹ ‹‹‹‹‹ ‹‹  ‹‹ ‹‹‹‹ ‹‹‹‹
                 ≤€ ≤ﬂ ≤€  €≤ ≤€    ≤€ ≤ﬂ ≤€ﬂﬂ≤ ≤€  €≤ ≤€ﬂ€€≤ﬂ€€
                 €≤‹‹‹ ≤€  ≤€ ≤€    ≤€    ≤€‹≤€ ≤€  ≤€ ≤€ ﬁ€› €≤
                 €€ﬂ   €€  €€ €€    €€ ‹€ €€ﬂ€‹ €€  €€ €€ ﬁ≤› €€
            ‹ﬂﬂ‹ €≤    ≤€‹ €≤ ≤€ ‹≤ €≤ €≤ €≤ €≤ ≤€‹ €≤ €≤ ﬁ€› €≤ ‹ﬂﬂ‹
           ± ˛ﬂ  ≤±     ﬂ≤€≤± €≤€≤± €€€≤± ≤± ≤±  ﬂ≤€≤± ≤± ﬁ≤› ≤±  ﬂ˛ ±
          ≤ﬂ ﬂ‹                                                  ﬂﬁ‹ ﬂ≤
         ﬁ› ﬁ€›  ‹ﬂﬂﬂ‹    ‹‹‹          ‹‹‹          ‹‹‹    ‹ﬂﬂﬂ‹  ﬂ≤€ ﬁ›
        ± ﬂ‹‹‹‹≤ﬂ ‹≤   ‹‹ﬂ   ﬂ‹‹˛ﬂﬂ ≤‹ﬂ   ﬂ‹≤ ﬂﬂ˛‹‹ﬂ   ﬂ‹‹   ≤‹ ﬂﬂ‹‹‹‹ﬂ ±
        ﬂ≤‹‹‹‹‹‹€ﬂﬂ› ±‹‹‹±≤€€±‹‹€±≤€‹‹≤€ﬂ±≤‹‹±≤€€‹‹ﬂ€±≤€‹‹≤€ ﬁﬂﬂ€‹‹‹‹‹‹≤ﬂ
        ‹        ‹‹≤ ±≤€‹±≤€ﬂ±≤€ﬂ±≤‹€±≤ﬂ€±≤‹€±≤‹€±≤€€±≤‹€±≤‹ €‹‹        ‹
       ± ﬂﬂﬂﬂﬂﬂﬂﬂ  ﬁ›±≤ﬂ€±≤ﬂ€±≤ﬂﬂ±≤ﬂ€±≤ﬂﬂ±≤ﬂﬂ±≤ﬂ‹±≤ﬂ ±≤  ±≤ﬂﬁ›  ﬂﬂﬂﬂﬂﬂﬂﬂ ≤
       ≤ ‹ﬂ  ˛     ﬁ› ..................................... ﬁ›ﬁﬂ       ∞ €
       ≤ ﬂ ‹‹   ±± ﬁ›ﬂ‹   ‹‹  ‹                   ‹  ‹‹   ‹ﬂﬁ›   ‹  ±±   ≤
      ﬁ›ﬁ› ﬂﬂ     ∞ € ﬁ› ﬂ  ﬂﬂ  ﬂ ﬂﬂﬂ ﬂﬂﬂﬂﬂ ﬂﬂﬂ ﬂ  ﬂﬂ  ﬂ ﬁ› ≤ ﬁ        ∞ ﬁ›
      ﬁ›ﬁ›   ∞  ˛   €  ﬂ‹‹ﬂﬂ±   Fulcrum brings you  ±ﬂﬂ‹‹ﬂ  ≤   ∞∞  ˛  ∞ ﬁ›
      ﬁ›   ˛  ‹     € ‹   ‹‹   ‹ ‹‹‹ ‹‹‹‹‹‹‹ ‹‹‹ ‹   ‹‹   ‹ € ﬁ    ‹     ﬁ›
      ﬁ›ﬁ›  ‹‹ﬂ     € ..................................... ≤ ﬁ ﬂ   ±    ﬁ›
      ﬁ›   ‹≤€‹‹  ∞ € ‹                                   ‹ €    ‹€ﬂ  ﬂ  ﬁ›
       ≤   ≤€∞±€≤  ﬁ›  ﬂﬂ  ‹‹ﬂ ﬂﬂ ﬂﬂﬂ ﬂﬂﬂﬂﬂﬂ ﬂﬂﬂ ﬂﬂﬂ‹‹  ﬂﬂ  ﬁ›  ﬁ≤±€‹  ∞ ≤
       ±    ﬂﬂﬂﬂ   ﬁ›  ‹‹                              ‹‹   ﬁ›  ﬂ€€≤ﬂ    ≤
       ﬁ›  ﬂ   ‹   € ˛  ‹ﬂ     RELEASE.NAME-SOMETHG   ﬂ  ‹   ± ﬂ      ‹ ﬁ›
       ≤ﬂ‹‹‹‹‹‹‹‹ﬂﬂ›  ﬁ‹ ‹                            ˛ﬁ‹  ‹ ﬁﬂﬂ‹‹‹‹‹‹‹‹ﬂ›
       ﬁ‹        ‹‹ﬂ ‹ ±≤                              ﬂ≤±   ﬂ‹‹        ‹›
         ﬂﬂﬂﬂﬂﬂﬂﬂ  ‹      ﬂ    ‹‹‹             ‹‹‹    ﬂ   ˛  ‹  ﬂﬂﬂﬂﬂﬂﬂﬂ
          ﬁ≤€€≤≤±›  ﬂﬂ‹‹‹‹ﬂﬂﬂﬂﬂ   ﬂﬂﬂﬂﬂﬂﬂﬂﬂﬂﬂﬂﬂ   ﬂﬂﬂﬂﬂ‹‹‹‹ﬂﬂ  ﬁ≤≤€≤≤±›
           ‹    ‹  ‹                                            ‹  ‹ ‹
           ›∞ ± ﬁ  ‹≤€‹    LINKS GO HERE                 ﬂ‹≤±‹  ›∞ﬁ‹ ﬁ
           ›∞ ≤›ﬁ  ﬂ €≤                                  ‹€€ ﬂ  › ﬂ≤›ﬁ
           ›  ﬂ ﬁ  ‹ﬁ≤›ﬂ                                  ﬁ≤›‹  ›∞   ﬁ
           ›∞ ≤ ﬁ  ‹ﬂﬂ                                     ﬂﬂ‹  › ‹ﬂ ﬁ
           ›‹ €›ﬁ   ‹‹‹                                   ‹‹‹   › ﬂ± ﬁ
           › ≤€ ﬁ ‹ﬂ   ﬂ≤‹ﬂ                           ﬂ‹≤ﬂ   ﬂ‹ › ‹  ﬁ
           › ﬂ  ﬁ ‹ ﬂ≤ ﬂ  ‹                           ‹  ﬂ ≤ﬂ ‹ › ≤± ﬁ
           ﬂ  ﬂ ﬂ  ﬂﬂ    ﬂ                             ﬂ    ﬂﬂ  ﬂ    ﬂ
          ﬁ≤€€≤≤±›‹‹                ‹‹      ‹‹               ‹‹ﬁ≤≤€≤≤±›
           ‹ ‹  ‹ ≤≤ ﬂﬂﬂﬂﬂﬂﬂﬂﬂﬂﬂﬂﬂﬂ ≤≤ ﬂ‹‹ﬂ ≤≤ ﬂﬂﬂﬂﬂﬂﬂﬂﬂﬂﬂﬂﬂ ≤≤ ‹  ‹ ‹
           ≤ ≤±˛  €€ ﬂ‹≤±ﬂ ±≤ﬂ ‹ ﬂ ˛€€ ‹  ∞ €€ ﬂ‹≤ ﬂ≤ ‹≤±‹ ﬂ ≤€  ‹≤  €
           ﬂ‹‹‹‹‹ €≤ ‹‹‹‹‹‹‹‹‹‹‹‹‹‹ €€ ≤± ‹ ≤≤ ‹‹‹‹‹‹‹‹‹‹‹‹‹ €€ ‹‹‹‹ﬂ
                  ﬂﬂ                ﬂﬂ      ﬂﬂ               ﬂﬂ
                                     ﬁ≤≤€≤≤±›
             ‹        ‹    ‹‹     ‹   ‹    ‹   ‹€≤≤‹    ‹   ‹‹‹‹
      ‹‹     ‹‹≤€ﬂﬂ≤‹  ‹‹≤€ﬂﬂﬂ±  ‹‹‹  ›‹ﬂ ‹›  ≤ﬂ ‹±ﬂ ±ﬂﬂ‹‹‹€€ﬂﬂﬂﬂ≤€‹‹
     ﬂ  ﬂ  ≤€€ ﬂ  ﬂ ﬂ€€€ﬂ   ‹‹  ≤ﬂ  ﬂ ﬂﬁ‹ﬂ   ‹ﬂ          ﬂﬂ    ﬂ    ≤€€
      ‹  ‹€€ ‹      ‹    ‹≤±ﬂ     ±≤‹ﬂ‹ﬂ €      ‹‹ ‹               ‹  ≤€ ‹
          €€      ﬂﬂ     ﬂﬂ           › ‹ ﬂﬁ     ﬂﬂ                   €€
       ﬂ ≤€                                ﬂ                           ≤€
     ‹‹  €€  ........................................................  €≤ ‹
    ±≤ ﬂ €≤                                                            €€ ﬁ›
      ‹  €€     TECH INFOS HERE                                      ‹ ≤€ ﬂ
   ‹‹   ≤€€                                                            €€€ ‹
   ﬂ≤‹ﬂ €€                                                              €€  ≤
     ‹  €€ ‹                                                            ≤€ ≤€
    €   €≤                                                              €≤ ﬂ
    ﬂ≤± €€                                                              ≤€
        ≤≤ ˛                                                          ﬂ €€
      ‹ €≤ ‹                                                            ≤€
        ≤±                                                            ‹ €≤ ﬂ
       ‹ ∞ ﬂ                                                            €€ ‹
      ˛ ±                                                              ˛≤€
         ﬂ                                                              €≤
  ‹‹                                    ‹‹                              €€  ‹‹
  ≤≤ ﬂﬂﬂﬂﬂﬂﬂﬂﬂﬂﬂﬂﬂﬂﬂﬂﬂﬂﬂﬂﬂﬂﬂﬂﬂﬂﬂﬂﬂﬂﬂﬂﬂﬂ ≤≤ ﬂﬂﬂﬂﬂﬂﬂﬂﬂﬂﬂﬂﬂﬂﬂﬂﬂﬂﬂﬂﬂﬂﬂﬂﬂﬂﬂﬂ €€ﬁ ≤≤
  €€ ‹ﬂ≤± ‹≤ﬂ ‹ ∞ﬂ ‹  ±≤ﬂ ‹≤±ﬂ ±≤‹ﬂ ‹ ≤ €≤ ‹≤ ‹ ﬂ ±≤ ‹ ‹≤±ﬂ ‹ ≤±ﬂﬂ ‹ ±ﬂ ≤€  €≤
  ≤€ ‹‹‹‹‹‹‹‹‹‹‹‹‹‹‹‹‹‹‹‹‹‹‹‹‹‹‹‹‹‹‹‹‹‹ ≤€ ‹‹‹‹‹‹‹‹‹‹‹‹‹‹‹‹‹‹‹‹‹‹‹‹‹‹‹‹ ≤€ﬁ ≤€
  ﬂﬂ                                    ﬂﬂ                              €≤  ﬂﬂ
                                                                       ﬂ≤€˛
       FURTHER RELEASE NOTES HERE                                       €€
                                                                       ‹€€
                                                                        €≤‹
                                                                        €€
                                                                        ≤€ ‹
                                                                        €€
                                                                      ‹ €€
                                                                       ˛€≤
                                                                        €€
                                                                      ‹ €€
                                                                        ≤€
                                                                      ˛ €≤‹
                                                                        €€
                                                                        €€
                                                                       ﬂ≤€‹
                                                                      ˛ €€
                                                                        €€
                                                                       ‹€€
                                                                        ≤≤ﬂ
                                                                      ˛ ≤€›
                                                                        €≤
                                                       ‹          ‹     ≤∞
                                                    ˛  ‹‹‹ ‹     ﬁ≤€    ∞±
         ∞                                            €≤≤≤±       ﬂ≤±‹  ±≤
                                                      €≤€€€ ‹           ∞
        ˛ ∞                                            €≤€€€‹‹‹  ﬂ ‹‹≤±   ‹
         ∞                                             ‹ﬂﬂ≤≤€€≤≤€€≤≤ﬂﬂ  ‹≤›
         ±∞ ˛                                             ‹   ﬂﬂﬂﬂ    ﬁ≤≤ﬂ
         ≤≤
  ‹‹     ≤€ﬂ                            ‹‹                                  ‹‹
  ≤≤ ﬂﬂﬂ €≤ ﬂﬂﬂﬂﬂﬂﬂﬂﬂﬂﬂﬂﬂﬂﬂﬂﬂﬂﬂﬂﬂﬂﬂﬂﬂﬂﬂ ≤≤ ﬂﬂﬂﬂﬂﬂﬂﬂﬂﬂﬂﬂﬂﬂﬂﬂﬂﬂﬂﬂﬂﬂﬂﬂﬂﬂﬂﬂﬂﬂﬂﬂ ≤≤
  €≤ ‹ ﬂ ≤€ ﬂ ‹‹±≤ ﬂ ‹±≤ﬂ ﬂ ≤± ‹ ﬂ ≤ﬂ   €≤ ﬂ ‹ﬂ≤± ‹±≤ﬂ ‹≤±  ﬂ ‹∞ ﬂ ‹≤ﬂ ±≤‹ﬂ €€
  ≤€ ‹‹‹ €€ ‹‹‹‹‹‹‹‹‹‹‹‹‹‹‹‹‹‹‹‹‹‹‹‹‹‹‹ ≤€ ‹‹‹‹‹‹‹‹‹‹‹‹‹‹‹‹‹‹‹‹‹‹‹‹‹‹‹‹‹‹‹‹ €≤
  ﬂﬂ     €€                             ﬂﬂ                                  ﬂﬂ
        ﬂ€≤
       ˛ €€ ˛    GREETZ
         ≤€
         €€‹                                                   ‹    ≤€€
        ﬁ€≤                                          €€€            ﬂﬂﬂ
       ˛ €€                                       ﬂ  ﬂﬂﬂ     ≤≤
         ﬂﬂﬂ                               ∞∞     ﬂﬂ‹‹   ﬂ          ‹€≤‹ﬂ
      ﬁ≤≤€≤≤±›                                ﬂ‹‹≤€€≤≤≤€‹‹‹  ﬂ    ‹ﬁ€≤ﬂﬂ
       ‹    ‹                              ﬂ‹≤€€€€€€€€€€€€€€€‹‹ ﬂ  ≤€     ﬂ
       ›∞≤± ﬁ                            ‹ ‹€€€€ﬂﬂ     ﬂﬂﬂ≤€€€€≤‹  ﬁ  ﬂ
       ›∞€  ﬁ                             €≤€€ﬂ  ‹ ﬂ  ‹‹‹  ‹ﬂﬂ€€€≤‹    ‹‹‹
       ›  ‹ ﬁ                            ﬁ›≤≤€‹ ‹≤±   ≤≤€       ﬂ€€›ﬂ  €€≤
       ›∞   ﬁ                             ﬂ ﬂ€€€≤ﬂ ﬂ          0DDﬁ€≤ ‹
       › ﬂ≤ ﬁ                               ﬂ   ‹ ±±  ﬂ ‹‹€€€‹   ‹€≤       ﬂ
       ﬂ    ﬂ                                           ﬁ≤± ﬂﬂ€   ﬁ›  ∞∞
      ﬁ≤€€≤≤±›‹‹                                 ‹‹      ﬂ     ﬂ  ﬂ
       ‹ ‹    €≤ ﬂﬂﬂﬂﬂﬂﬂﬂﬂﬂﬂﬂﬂﬂﬂﬂﬂﬂﬂﬂﬂﬂﬂﬂﬂﬂﬂﬂﬂﬂﬂ €≤ ﬂﬂﬂﬂﬂﬂﬂﬂﬂﬂ‹‹  ‹‹‹ﬂﬂﬂﬂﬂﬂﬂﬂﬂ
       ≤ ‹ﬂ≤  ≤€  € ‹≤ﬂ ‹ ≤ﬂ±‹ ﬂ∞ ‹ ﬂ ‹≤±ﬂﬂ ﬂ  ‹ ≤€  ±≤‹ ﬂ ± ﬂ  ﬂ€  ‹ﬂﬂ
       ﬂ‹‹‹‹‹ €≤ ‹‹‹‹‹‹‹‹‹‹‹‹‹‹‹‹‹‹‹‹‹‹‹‹‹‹‹‹‹‹‹ €≤ ‹‹‹‹‹‹‹‹‹‹‹‹‹‹‹‹‹‹‹‹‹‹‹‹‹‹
              ﬂﬂ                                 ﬂﬂ


--------------------------------------------------------------------------------
                          extras


  ‹‹                                    ‹‹                                  ‹‹
  ≤≤ ﬂﬂﬂﬂﬂﬂﬂﬂﬂﬂﬂﬂﬂﬂﬂﬂﬂﬂﬂﬂﬂﬂﬂﬂﬂﬂﬂﬂﬂﬂﬂﬂﬂﬂ ≤≤ ﬂﬂﬂﬂﬂﬂﬂﬂﬂﬂﬂﬂﬂﬂﬂﬂﬂﬂﬂﬂﬂﬂﬂﬂﬂﬂﬂﬂﬂﬂﬂﬂ ≤≤
  €€ ‹ﬂ≤± ‹≤ﬂ ‹ ∞ﬂ ‹  ±≤ﬂ ‹≤±ﬂ ±≤‹ﬂ ‹ ≤ €≤ ‹≤ ‹ ﬂ ±≤ ‹ ‹≤±ﬂ ‹ ≤±ﬂﬂ ‹ ±ﬂ ‹ ﬂ €≤
  ≤€ ‹‹‹‹‹‹‹‹‹‹‹‹‹‹‹‹‹‹‹‹‹‹‹‹‹‹‹‹‹‹‹‹‹‹ ≤€ ‹‹‹‹‹‹‹‹‹‹‹‹‹‹‹‹‹‹‹‹‹‹‹‹‹‹‹‹‹‹‹‹ ≤€
  ﬂﬂ                                    ﬂﬂ                                  ﬂﬂ

                                                                       ‹‹≤
          you can copy the pipe above and change the stuff       ±≤‹‹≤€≤ﬂ
          inside to add more detail and paragraph places          ﬂﬂﬂﬂﬂ
                                                                ‹ﬂ      ﬂ‹
                                                                ﬂ‹≤±  ±≤‹ﬂ

                                                                 ≤± ‹   ‹‹
                                                                  ﬂﬂ   ﬂ ±≤

SAUCE00Fulcrum NFO                        Odd                 Mistigris?          20201121µ)  P ü      IBM VGA               