[0m
                     [1mLOS ARCANOS MAYORES DEL TAROT DEL CIELO[0m


             [1mษอออออออออออออออออออออป[0m      [1mษอออออออออออออออออออออป[0m
             [1mบ                     บ[0m      [1mบ                     บ[0m
             [1mบ[0m                     [1mบ[0m      [1mบ[0m      [1m๗๗๗๗๗๗๗[0m        [1mบ[0m
             [1mบ[0m     [1m$ $$$$$$$$[0m  [1m$[0m   [1mบ[0m      [1mบ[0m   [1m๗๗๗๗๗๗๗[0m [1m๗๗๗๗๗[0m     [1mบ[0m
             [1mบ[0m     [1m$$$$$$$$[0m [1m$$$$[0m   [1mบ[0m      [1mบ[0m  [1m๗๗๗๗๗[0m     [1m๗๗๗๗๗[0m    [1mบ[0m
             [1mบ[0m    [1m$$$$$     $$$[0m    [1mบ[0m      [1mบ[0m  [1m๗๗๗[0m  [1m[0m  [1m[0m  [1m๗๗๗๗[0m    [1mบ[0m
             [1mบ[0m   [1m$$[0m           [1m$$[0m   [1mบ[0m      [1mบ[0m  [1m๗๗[0m    [1m๛[0m     [1m๗๗๗[0m    [1mบ[0m
             [1mบ[0m   [1m$$[0m  [1m่[0m    [1m่[0m   [1m$$[0m   [1mบ[0m      [1mบ[0m  [1m๗ ๘        ๘ ๗๗[0m    [1mบ[0m
             [1mบ[0m   [1m$$[0m    [1m[0m     [1m$[0m     [1mบ[0m      [1mบ[0m   [1m๗[0m   [1m--[0m   [1m๗๗[0m     [1mบ[0m
             [1mบ[0m     [1m$[0m        [1m$[0m      [1mบ[0m      [1mบ[0m     [1m.[0m      [1m.        บ[0m
             [1mบ[0m     [1m.[0m  [1mงงงง[0m [1m.[0m       [1mบ[0m      [1mบ[0m      [1m.[0m [1m.[0m [1m.[0m          [1mบ[0m
             [1mบ[0m      [1m.[0m [1m.[0m [1m.[0m [1m.[0m        [1mบ[0m      [1mบ[0m       [1m[0m           [1mบ[0m
[1m             บ[0m                     [1mบ[0m      [1mบ[0m                     [1mบ[0m
             [1mบ"NIฅOS ENVASELINADOS"บ[0m      [1mบ[0m [1m"MUY POLITIZADA..."[0m [1mบ[0m
             [1mวฤฤฤฤฤฤฤฤฤฤฤฤฤฤฤฤฤฤฤฤฤถ[0m      [1mวฤฤฤฤฤฤฤฤฤฤฤฤฤฤฤฤฤฤฤฤฤถ[0m
             [1mบ[0m      [1mEL LOCO        บ[0m      [1mบ[0m    [1mLA EMPERATRIZ[0m    [1mบ[0m
             [1mศอออออออออออออออออออออผ[0m      [1mศอออออออออออออออออออออผ[0m


             [1mษอออออออออออออออออออออป[0m      [1mษอออออออออออออออออออออป[0m
             [1mบ[0m                     [1mบ[0m      [1mบ[0m                     [1mบ[0m
             [1mบ[0m         [1m[0m          [1mบ[0m      [1mบ[0m      [1mggggggg        บ[0m
             [1mบ[0m       [1m[0m        [1mบ[0m      [1mบ[0m     [1mg  666  g       บ[0m
             [1mบ[0m      [1m[0m  [1m[0m  [1m[0m       [1mบ[0m      [1mบ[0m     [1mg[0m       [1mg       บ[0m
             [1mบ[0m      [1m[0m  [1m[0m          [1mบ[0m      [1mบ     g ์   ์ g       บ[0m
             [1mบ[0m       [1m[0m        [1mบ[0m      [1mบ[0m     [1m.   ็   .       บ[0m
             [1mบ[0m         [1m[0m  [1m[0m       [1mบ[0m      [1mบ[0m     [1m.    .       บ[0m
             [1mบ[0m      [1m[0m  [1m[0m  [1m[0m       [1mบ[0m      [1mบ[0m      [1m.  .        บ[0m
             [1mบ[0m       [1m[0m        [1mบ[0m      [1mบ[0m        [1m. .          บ[0m
             [1mบ[0m         [1m[0m          [1mบ[0m      [1mบ[0m                     [1mบ[0m
             [1mบ[0m                     [1mบ[0m      [1mบ[0m                     [1mบ[0m
             [1mบ[0m   [1m"FAMILIA SI,[0m      [1mบ[0m      [1mบ[0m                     [1mบ[0m
             [1mบ[0m      [1mGENERO NO"[0m     [1mบ[0m      [1mบ   "PASARON COSAS"[0m   [1mบ[0m
             [1mวฤฤฤฤฤฤฤฤฤฤฤฤฤฤฤฤฤฤฤฤฤถ[0m      [1mวฤฤฤฤฤฤฤฤฤฤฤฤฤฤฤฤฤฤฤฤฤถ[0m
             [1mบ[0m     [1mLA JUSTICIA[0m     [1mบ[0m      [1mบ[0m      [1mEL DIABLO      บ[0m
             [1mศอออออออออออออออออออออผ[0m      [1mศอออออออออออออออออออออผ[0m


             [1mษอออออออออออออออออออออป[0m      [1mษอออออออออออออออออออออป[0m
             [1mบ[0m        [1m.....[0m        [1mบ[0m      [1mบ[0m     [1mฺฤฤฤฤฤฤฤฟ[0m       [1mบ[0m
             [1mบ[0m       [1m. T.N .[0m       [1mบ[0m      [1mบ[0m     [1mณ[0m     [1m\[0m [1mณ[0m [1m/[0m     [1mบ[0m
             [1mบ[0m      [1m๏[0m       [1m๏[0m      [1mบ[0m      [1mบ     ณ[0m       [1mp[0m       [1mบ[0m
             [1mบ[0m     [1m๏  0   0  ๏[0m     [1mบ[0m      [1mบ[0m     [1mณ[0m       [1me[0m       [1mบ[0m
             [1mบ[0m     [1m.    ๛    .[0m     [1mบ[0m      [1mบ     ณ[0m       [1mn[0m       [1mบ[0m
             [1mบ[0m     [1m.   [0m   [1m.[0m     [1mบ[0m      [1mบ[0m     [1mณ[0m       [1ms[0m       [1mบ[0m
             [1mบ[0m      [1m.[0m  [1m---[0m  [1m.[0m      [1mบ[0m      [1mบ[0m     [1mณ[0m       [1ma[0m       [1mบ[0m
             [1mบ[0m       [1m.[0m     [1m.[0m       [1mบ[0m      [1mบ[0m     [1mณ    \-[0m [1mr[0m [1m-/[0m    [1mบ[0m
             [1mบ[0m         [1m...[0m         [1mบ[0m      [1mบ[0m     [1mณ[0m      [1m...[0m      [1mบ[0m
             [1mบ[0m                     [1mบ[0m      [1mบ[0m     [1mณ     .x[0m [1mx.[0m     [1mบ[0m
             [1mบ[0m                     [1mบ[0m      [1mบ[0m   [1mฤฤมฤฤ    ...[0m      [1mบ[0m
             [1mบ[0m [1m"SE ROBARON UN PBI" บ[0m      [1mบ[0m [1m"EL MERCADO[0m         [1mบ[0m
             [1mบ[0m                     [1mบ[0m      [1mบ     SE REGULA SOLO"[0m [1mบ[0m
             [1mวฤฤฤฤฤฤฤฤฤฤฤฤฤฤฤฤฤฤฤฤฤถ[0m      [1mวฤฤฤฤฤฤฤฤฤฤฤฤฤฤฤฤฤฤฤฤฤถ[0m
             [1mบ[0m      [1mLA MUERTE[0m      [1mบ[0m      [1mบ[0m      [1mEL COLGADO[0m     [1mบ[0m
             [1mศอออออออออออออออออออออผ[0m      [1mศอออออออออออออออออออออผ[0m


             [1mษอออออออออออออออออออออป[0m      [1mษอออออออออออออออออออออป[0m
             [1mบ[0m          [1m          บ[0m      [1mบ[0m      [1m..........     บ[0m
             [1mบ[0m         [1m          บ[0m      [1mบ[0m   [1m................[0m  [1mบ[0m
             [1mบ[0m        [1m           บ[0m      [1mบ .........P......... บ[0m
             [1mบ[0m       [1m[0m     [1m[0m       [1mบ[0m      [1mบ..........A..........บ[0m
             [1mบ[0m      [1m   $         บ[0m      [1mบ..........Z..........บ[0m
             [1mบ[0m     [1m  $$$$$       บ[0m      [1mบ[0m [1m................... บ[0m
             [1mบ[0m    [1m     $[0m     [1m    บ[0m      [1mบ[0m   [1m...   ...    ...  บ[0m
             [1mบ[0m   [1m      $[0m      [1m[0m   [1mบ[0m      [1mบ[0m         [1m...         บ[0m
             [1mบ[0m  [1m[0m  [1mบ[0m      [1mบ[0m         [1m...         บ[0m
             [1mบ[0m                     [1mบ[0m      [1mบ[0m       [1m.......       บ[0m
             [1mบ[0m                     [1mบ[0m      [1mบ[0m     [1m..........      บ[0m
             [1mบ[0m [1m"APOSTA A SER TU    บ[0m      [1mบ "LA FUERZA[0m          [1mบ[0m
             [1mบ[0m        [1mPROPIO JEFE"[0m [1mบ[0m      [1mบ     DE LA LIBERTAD"[0m [1mบ[0m
             [1mวฤฤฤฤฤฤฤฤฤฤฤฤฤฤฤฤฤฤฤฤฤถ[0m      [1mวฤฤฤฤฤฤฤฤฤฤฤฤฤฤฤฤฤฤฤฤฤถ[0m
             [1mบ RUEDA DE LA FORTUNA บ[0m      [1mบ[0m      [1mEL MUNDO       บ[0m
             [1mศอออออออออออออออออออออผ[0m      [1mศอออออออออออออออออออออผ[0m


         [1mLAS FUERZAS DEL CIELO REVELARAN TU DESTINO...[0m
         [1mESTAS DISPUESTO A ACEPTARLO?[0m

         [1mNO BUSQUES MAS, LAS CARTAS SON LA VERDAD.[0m [1mLAS CARTAS SON AMOR.[0m

         [1mOBEDECE Y SERAS RECOMPENSA#๐ฌซ๖ไ‘[0m

         [1mABORT - RETRY - FAIL: A_[0m


         [1mCuando el tejido de la sociedad se rompe, aceptamos verdades[0m
         [1msin cuestionarlas. La busqueda de la verdad es un arte extinto,[0m
         [1mes mas facil odiar que enfrentar nuestros miedos.[0m
[1m         Normalizamos lo abominable,[0m [1mporque nos dicen que en un universo[0m
         [1malternativo estariamos peor.[0m

         [1mVolvamos a buscar la verdad, a razonar, a dejar de justificar,[0m
         [1ma sentir, a defender lo nuestro y atacar a quien hace daคo.[0m
         [1mNo nos dejemos manejar por el odio y la indignacion, hagamos uso[0m
         [1mde ese capital intelectual y emocional del cual tanto nos jactamos.[0m
         [1mY pasemos a la accion. La accion contundente...[0m

         [1mberdyx - HPM[0m
         [1mFlashparty 2024[0m





SAUCE00las fuerzas del tarot              berdyx              HPM                 20250917ก!  P n      IBM VGA               